{
  "Entries": [
    {
      "RequestUri": "/subscriptions/aeb5b02a-0f18-45a4-86d6-81808115cacf/resourcegroups/ps2792?api-version=2016-09-01",
      "EncodedRequestUri": "L3N1YnNjcmlwdGlvbnMvYWViNWIwMmEtMGYxOC00NWE0LTg2ZDYtODE4MDgxMTVjYWNmL3Jlc291cmNlZ3JvdXBzL3BzMjc5Mj9hcGktdmVyc2lvbj0yMDE2LTA5LTAx",
      "RequestMethod": "PUT",
      "RequestBody": "{\r\n  \"location\": \"westus2\"\r\n}",
      "RequestHeaders": {
        "x-ms-client-request-id": [
          "fdd66d7c-d418-497d-8828-fb0dd4ce1ea7"
        ],
        "Accept-Language": [
          "en-US"
        ],
        "User-Agent": [
          "FxVersion/4.6.29220.03",
          "OSName/Windows",
          "OSVersion/Microsoft.Windows.10.0.19042.",
          "Microsoft.Azure.Management.Internal.Resources.ResourceManagementClient/1.3.24"
        ],
        "Content-Type": [
          "application/json; charset=utf-8"
        ],
        "Content-Length": [
          "29"
        ]
      },
      "ResponseHeaders": {
        "Cache-Control": [
          "no-cache"
        ],
        "Pragma": [
          "no-cache"
        ],
        "x-ms-ratelimit-remaining-subscription-writes": [
          "1199"
        ],
        "x-ms-request-id": [
          "5c455f57-0c36-49b4-a148-38ad513c3ee9"
        ],
        "x-ms-correlation-request-id": [
          "5c455f57-0c36-49b4-a148-38ad513c3ee9"
        ],
        "x-ms-routing-request-id": [
          "BRAZILUS:20201016T193805Z:5c455f57-0c36-49b4-a148-38ad513c3ee9"
        ],
        "Strict-Transport-Security": [
          "max-age=31536000; includeSubDomains"
        ],
        "X-Content-Type-Options": [
          "nosniff"
        ],
        "Date": [
          "Fri, 16 Oct 2020 19:38:05 GMT"
        ],
        "Content-Length": [
          "314"
        ],
        "Content-Type": [
          "application/json; charset=utf-8"
        ],
        "Expires": [
          "-1"
        ]
      },
      "ResponseBody": "{\r\n  \"id\": \"/subscriptions/aeb5b02a-0f18-45a4-86d6-81808115cacf/resourceGroups/ps2792\",\r\n  \"name\": \"ps2792\",\r\n  \"location\": \"westus2\",\r\n  \"tags\": {\r\n    \"AdminEmail\": \"lihamilt@microsoft.com\",\r\n    \"AlertDaysBeforeDeletion\": \"5\",\r\n    \"CreationDate\": \"2020-10-16T19:38:04.3695278Z\",\r\n    \"DaysUntilDeletion\": \"30\"\r\n  },\r\n  \"properties\": {\r\n    \"provisioningState\": \"Succeeded\"\r\n  }\r\n}",
      "StatusCode": 201
    },
    {
      "RequestUri": "/subscriptions/aeb5b02a-0f18-45a4-86d6-81808115cacf/resourceGroups/ps2792/providers/Microsoft.Network/firewallPolicies/ps6784?api-version=2020-07-01",
      "EncodedRequestUri": "L3N1YnNjcmlwdGlvbnMvYWViNWIwMmEtMGYxOC00NWE0LTg2ZDYtODE4MDgxMTVjYWNmL3Jlc291cmNlR3JvdXBzL3BzMjc5Mi9wcm92aWRlcnMvTWljcm9zb2Z0Lk5ldHdvcmsvZmlyZXdhbGxQb2xpY2llcy9wczY3ODQ/YXBpLXZlcnNpb249MjAyMC0wNy0wMQ==",
      "RequestMethod": "GET",
      "RequestBody": "",
      "RequestHeaders": {
        "x-ms-client-request-id": [
          "1e8b58ea-049c-4ffb-9afd-a77ba2e6b4f9"
        ],
        "Accept-Language": [
          "en-US"
        ],
        "User-Agent": [
          "FxVersion/4.6.29220.03",
          "OSName/Windows",
          "OSVersion/Microsoft.Windows.10.0.19042.",
          "Microsoft.Azure.Management.Network.NetworkManagementClient/1014.2154.51261.0"
        ]
      },
      "ResponseHeaders": {
        "Cache-Control": [
          "no-cache"
        ],
        "Pragma": [
          "no-cache"
        ],
        "x-ms-failure-cause": [
          "gateway"
        ],
        "x-ms-request-id": [
          "93db11ab-6c11-44ff-914d-e2b2ce7fe8a0"
        ],
        "x-ms-correlation-request-id": [
          "93db11ab-6c11-44ff-914d-e2b2ce7fe8a0"
        ],
        "x-ms-routing-request-id": [
          "BRAZILUS:20201016T193806Z:93db11ab-6c11-44ff-914d-e2b2ce7fe8a0"
        ],
        "Strict-Transport-Security": [
          "max-age=31536000; includeSubDomains"
        ],
        "X-Content-Type-Options": [
          "nosniff"
        ],
        "Date": [
          "Fri, 16 Oct 2020 19:38:05 GMT"
        ],
        "Content-Type": [
          "application/json; charset=utf-8"
        ],
        "Expires": [
          "-1"
        ],
        "Content-Length": [
          "219"
        ]
      },
      "ResponseBody": "{\r\n  \"error\": {\r\n    \"code\": \"ResourceNotFound\",\r\n    \"message\": \"The Resource 'Microsoft.Network/firewallPolicies/ps6784' under resource group 'ps2792' was not found. For more details please go to https://aka.ms/ARMResourceNotFoundFix\"\r\n  }\r\n}",
      "StatusCode": 404
    },
    {
      "RequestUri": "/subscriptions/aeb5b02a-0f18-45a4-86d6-81808115cacf/resourceGroups/ps2792/providers/Microsoft.Network/firewallPolicies/ps6784?api-version=2020-07-01",
      "EncodedRequestUri": "L3N1YnNjcmlwdGlvbnMvYWViNWIwMmEtMGYxOC00NWE0LTg2ZDYtODE4MDgxMTVjYWNmL3Jlc291cmNlR3JvdXBzL3BzMjc5Mi9wcm92aWRlcnMvTWljcm9zb2Z0Lk5ldHdvcmsvZmlyZXdhbGxQb2xpY2llcy9wczY3ODQ/YXBpLXZlcnNpb249MjAyMC0wNy0wMQ==",
      "RequestMethod": "GET",
      "RequestBody": "",
      "RequestHeaders": {
        "User-Agent": [
          "FxVersion/4.6.29220.03",
          "OSName/Windows",
          "OSVersion/Microsoft.Windows.10.0.19042.",
          "Microsoft.Azure.Management.Network.NetworkManagementClient/1014.2154.51261.0"
        ]
      },
      "ResponseHeaders": {
        "Cache-Control": [
          "no-cache"
        ],
        "Pragma": [
          "no-cache"
        ],
        "Server": [
          "Microsoft-HTTPAPI/2.0"
        ],
        "x-ms-ratelimit-remaining-subscription-reads": [
          "11968"
        ],
        "x-ms-request-id": [
          "92f44cea-ff27-4b42-8213-c676bfb5ff74"
        ],
        "x-ms-correlation-request-id": [
          "92f44cea-ff27-4b42-8213-c676bfb5ff74"
        ],
        "x-ms-routing-request-id": [
          "BRAZILUS:20201016T193822Z:92f44cea-ff27-4b42-8213-c676bfb5ff74"
        ],
        "Strict-Transport-Security": [
          "max-age=31536000; includeSubDomains"
        ],
        "X-Content-Type-Options": [
          "nosniff"
        ],
        "Date": [
          "Fri, 16 Oct 2020 19:38:21 GMT"
        ],
        "Content-Length": [
          "512"
        ],
        "Content-Type": [
          "application/json; charset=utf-8"
        ],
        "Expires": [
          "-1"
        ]
      },
      "ResponseBody": "{\r\n  \"properties\": {\r\n    \"sku\": {\r\n      \"tier\": \"Premium\"\r\n    },\r\n    \"threatIntelMode\": \"Alert\",\r\n    \"childPolicies\": [],\r\n    \"ruleCollectionGroups\": [],\r\n    \"firewalls\": [],\r\n    \"provisioningState\": \"Succeeded\"\r\n  },\r\n  \"id\": \"/subscriptions/aeb5b02a-0f18-45a4-86d6-81808115cacf/resourceGroups/ps2792/providers/Microsoft.Network/firewallPolicies/ps6784\",\r\n  \"name\": \"ps6784\",\r\n  \"type\": \"Microsoft.Network/FirewallPolicies\",\r\n  \"etag\": \"52551f78-445f-463c-8d68-e463f973f627\",\r\n  \"location\": \"westus2\"\r\n}",
      "StatusCode": 200
    },
    {
      "RequestUri": "/subscriptions/aeb5b02a-0f18-45a4-86d6-81808115cacf/resourceGroups/ps2792/providers/Microsoft.Network/firewallPolicies/ps6784?api-version=2020-07-01",
      "EncodedRequestUri": "L3N1YnNjcmlwdGlvbnMvYWViNWIwMmEtMGYxOC00NWE0LTg2ZDYtODE4MDgxMTVjYWNmL3Jlc291cmNlR3JvdXBzL3BzMjc5Mi9wcm92aWRlcnMvTWljcm9zb2Z0Lk5ldHdvcmsvZmlyZXdhbGxQb2xpY2llcy9wczY3ODQ/YXBpLXZlcnNpb249MjAyMC0wNy0wMQ==",
      "RequestMethod": "GET",
      "RequestBody": "",
      "RequestHeaders": {
        "x-ms-client-request-id": [
          "1a30d2c6-2841-4758-a5cc-397c7958f65d"
        ],
        "Accept-Language": [
          "en-US"
        ],
        "User-Agent": [
          "FxVersion/4.6.29220.03",
          "OSName/Windows",
          "OSVersion/Microsoft.Windows.10.0.19042.",
          "Microsoft.Azure.Management.Network.NetworkManagementClient/1014.2154.51261.0"
        ]
      },
      "ResponseHeaders": {
        "Cache-Control": [
          "no-cache"
        ],
        "Pragma": [
          "no-cache"
        ],
        "Server": [
          "Microsoft-HTTPAPI/2.0"
        ],
        "x-ms-ratelimit-remaining-subscription-reads": [
          "11967"
        ],
        "x-ms-request-id": [
          "e5da04b4-de7c-47b5-ae55-61a8e8d8a7a6"
        ],
        "x-ms-correlation-request-id": [
          "e5da04b4-de7c-47b5-ae55-61a8e8d8a7a6"
        ],
        "x-ms-routing-request-id": [
          "BRAZILUS:20201016T193822Z:e5da04b4-de7c-47b5-ae55-61a8e8d8a7a6"
        ],
        "Strict-Transport-Security": [
          "max-age=31536000; includeSubDomains"
        ],
        "X-Content-Type-Options": [
          "nosniff"
        ],
        "Date": [
          "Fri, 16 Oct 2020 19:38:21 GMT"
        ],
        "Content-Length": [
          "512"
        ],
        "Content-Type": [
          "application/json; charset=utf-8"
        ],
        "Expires": [
          "-1"
        ]
      },
      "ResponseBody": "{\r\n  \"properties\": {\r\n    \"sku\": {\r\n      \"tier\": \"Premium\"\r\n    },\r\n    \"threatIntelMode\": \"Alert\",\r\n    \"childPolicies\": [],\r\n    \"ruleCollectionGroups\": [],\r\n    \"firewalls\": [],\r\n    \"provisioningState\": \"Succeeded\"\r\n  },\r\n  \"id\": \"/subscriptions/aeb5b02a-0f18-45a4-86d6-81808115cacf/resourceGroups/ps2792/providers/Microsoft.Network/firewallPolicies/ps6784\",\r\n  \"name\": \"ps6784\",\r\n  \"type\": \"Microsoft.Network/FirewallPolicies\",\r\n  \"etag\": \"52551f78-445f-463c-8d68-e463f973f627\",\r\n  \"location\": \"westus2\"\r\n}",
      "StatusCode": 200
    },
    {
      "RequestUri": "/subscriptions/aeb5b02a-0f18-45a4-86d6-81808115cacf/resourceGroups/ps2792/providers/Microsoft.Network/firewallPolicies/ps6784?api-version=2020-07-01",
      "EncodedRequestUri": "L3N1YnNjcmlwdGlvbnMvYWViNWIwMmEtMGYxOC00NWE0LTg2ZDYtODE4MDgxMTVjYWNmL3Jlc291cmNlR3JvdXBzL3BzMjc5Mi9wcm92aWRlcnMvTWljcm9zb2Z0Lk5ldHdvcmsvZmlyZXdhbGxQb2xpY2llcy9wczY3ODQ/YXBpLXZlcnNpb249MjAyMC0wNy0wMQ==",
      "RequestMethod": "GET",
      "RequestBody": "",
      "RequestHeaders": {
        "x-ms-client-request-id": [
          "26ef809c-e9fb-4f79-8591-bcc3724af7fd"
        ],
        "Accept-Language": [
          "en-US"
        ],
        "User-Agent": [
          "FxVersion/4.6.29220.03",
          "OSName/Windows",
          "OSVersion/Microsoft.Windows.10.0.19042.",
          "Microsoft.Azure.Management.Network.NetworkManagementClient/1014.2154.51261.0"
        ]
      },
      "ResponseHeaders": {
        "Cache-Control": [
          "no-cache"
        ],
        "Pragma": [
          "no-cache"
        ],
        "Server": [
          "Microsoft-HTTPAPI/2.0"
        ],
        "x-ms-ratelimit-remaining-subscription-reads": [
          "11966"
        ],
        "x-ms-request-id": [
          "c5845e39-89b7-4046-970f-5bb1c7068d6f"
        ],
        "x-ms-correlation-request-id": [
          "c5845e39-89b7-4046-970f-5bb1c7068d6f"
        ],
        "x-ms-routing-request-id": [
          "BRAZILUS:20201016T193822Z:c5845e39-89b7-4046-970f-5bb1c7068d6f"
        ],
        "Strict-Transport-Security": [
          "max-age=31536000; includeSubDomains"
        ],
        "X-Content-Type-Options": [
          "nosniff"
        ],
        "Date": [
          "Fri, 16 Oct 2020 19:38:21 GMT"
        ],
        "Content-Length": [
          "512"
        ],
        "Content-Type": [
          "application/json; charset=utf-8"
        ],
        "Expires": [
          "-1"
        ]
      },
      "ResponseBody": "{\r\n  \"properties\": {\r\n    \"sku\": {\r\n      \"tier\": \"Premium\"\r\n    },\r\n    \"threatIntelMode\": \"Alert\",\r\n    \"childPolicies\": [],\r\n    \"ruleCollectionGroups\": [],\r\n    \"firewalls\": [],\r\n    \"provisioningState\": \"Succeeded\"\r\n  },\r\n  \"id\": \"/subscriptions/aeb5b02a-0f18-45a4-86d6-81808115cacf/resourceGroups/ps2792/providers/Microsoft.Network/firewallPolicies/ps6784\",\r\n  \"name\": \"ps6784\",\r\n  \"type\": \"Microsoft.Network/FirewallPolicies\",\r\n  \"etag\": \"52551f78-445f-463c-8d68-e463f973f627\",\r\n  \"location\": \"westus2\"\r\n}",
      "StatusCode": 200
    },
    {
      "RequestUri": "/subscriptions/aeb5b02a-0f18-45a4-86d6-81808115cacf/resourceGroups/ps2792/providers/Microsoft.Network/firewallPolicies/ps6784?api-version=2020-07-01",
      "EncodedRequestUri": "L3N1YnNjcmlwdGlvbnMvYWViNWIwMmEtMGYxOC00NWE0LTg2ZDYtODE4MDgxMTVjYWNmL3Jlc291cmNlR3JvdXBzL3BzMjc5Mi9wcm92aWRlcnMvTWljcm9zb2Z0Lk5ldHdvcmsvZmlyZXdhbGxQb2xpY2llcy9wczY3ODQ/YXBpLXZlcnNpb249MjAyMC0wNy0wMQ==",
      "RequestMethod": "GET",
      "RequestBody": "",
      "RequestHeaders": {
        "x-ms-client-request-id": [
          "0bcac8a7-c017-4244-a640-ab5519c628df"
        ],
        "Accept-Language": [
          "en-US"
        ],
        "User-Agent": [
          "FxVersion/4.6.29220.03",
          "OSName/Windows",
          "OSVersion/Microsoft.Windows.10.0.19042.",
          "Microsoft.Azure.Management.Network.NetworkManagementClient/1014.2154.51261.0"
        ]
      },
      "ResponseHeaders": {
        "Cache-Control": [
          "no-cache"
        ],
        "Pragma": [
          "no-cache"
        ],
        "Server": [
          "Microsoft-HTTPAPI/2.0"
        ],
        "x-ms-ratelimit-remaining-subscription-reads": [
          "11963"
        ],
        "x-ms-request-id": [
          "2395a299-fc12-41a2-bdbf-4b1be8a1b151"
        ],
        "x-ms-correlation-request-id": [
          "2395a299-fc12-41a2-bdbf-4b1be8a1b151"
        ],
        "x-ms-routing-request-id": [
          "BRAZILUS:20201016T193833Z:2395a299-fc12-41a2-bdbf-4b1be8a1b151"
        ],
        "Strict-Transport-Security": [
          "max-age=31536000; includeSubDomains"
        ],
        "X-Content-Type-Options": [
          "nosniff"
        ],
        "Date": [
          "Fri, 16 Oct 2020 19:38:32 GMT"
        ],
        "Content-Length": [
          "707"
        ],
        "Content-Type": [
          "application/json; charset=utf-8"
        ],
        "Expires": [
          "-1"
        ]
      },
      "ResponseBody": "{\r\n  \"properties\": {\r\n    \"sku\": {\r\n      \"tier\": \"Premium\"\r\n    },\r\n    \"threatIntelMode\": \"Alert\",\r\n    \"childPolicies\": [],\r\n    \"ruleCollectionGroups\": [\r\n      {\r\n        \"id\": \"/subscriptions/aeb5b02a-0f18-45a4-86d6-81808115cacf/resourceGroups/ps2792/providers/Microsoft.Network/firewallPolicies/ps6784/ruleCollectionGroups/ps8079\"\r\n      }\r\n    ],\r\n    \"firewalls\": [],\r\n    \"provisioningState\": \"Succeeded\"\r\n  },\r\n  \"id\": \"/subscriptions/aeb5b02a-0f18-45a4-86d6-81808115cacf/resourceGroups/ps2792/providers/Microsoft.Network/firewallPolicies/ps6784\",\r\n  \"name\": \"ps6784\",\r\n  \"type\": \"Microsoft.Network/FirewallPolicies\",\r\n  \"etag\": \"52551f78-445f-463c-8d68-e463f973f627\",\r\n  \"location\": \"westus2\"\r\n}",
      "StatusCode": 200
    },
    {
      "RequestUri": "/subscriptions/aeb5b02a-0f18-45a4-86d6-81808115cacf/resourceGroups/ps2792/providers/Microsoft.Network/firewallPolicies/ps6784?api-version=2020-07-01",
      "EncodedRequestUri": "L3N1YnNjcmlwdGlvbnMvYWViNWIwMmEtMGYxOC00NWE0LTg2ZDYtODE4MDgxMTVjYWNmL3Jlc291cmNlR3JvdXBzL3BzMjc5Mi9wcm92aWRlcnMvTWljcm9zb2Z0Lk5ldHdvcmsvZmlyZXdhbGxQb2xpY2llcy9wczY3ODQ/YXBpLXZlcnNpb249MjAyMC0wNy0wMQ==",
      "RequestMethod": "GET",
      "RequestBody": "",
      "RequestHeaders": {
        "User-Agent": [
          "FxVersion/4.6.29220.03",
          "OSName/Windows",
          "OSVersion/Microsoft.Windows.10.0.19042.",
          "Microsoft.Azure.Management.Network.NetworkManagementClient/1014.2154.51261.0"
        ]
      },
      "ResponseHeaders": {
        "Cache-Control": [
          "no-cache"
        ],
        "Pragma": [
          "no-cache"
        ],
        "Server": [
          "Microsoft-HTTPAPI/2.0"
        ],
        "x-ms-ratelimit-remaining-subscription-reads": [
          "11961"
        ],
        "x-ms-request-id": [
          "e539cb53-12f5-45e7-b0fb-e1b7329e8c67"
        ],
        "x-ms-correlation-request-id": [
          "e539cb53-12f5-45e7-b0fb-e1b7329e8c67"
        ],
        "x-ms-routing-request-id": [
          "BRAZILUS:20201016T193844Z:e539cb53-12f5-45e7-b0fb-e1b7329e8c67"
        ],
        "Strict-Transport-Security": [
          "max-age=31536000; includeSubDomains"
        ],
        "X-Content-Type-Options": [
          "nosniff"
        ],
        "Date": [
          "Fri, 16 Oct 2020 19:38:44 GMT"
        ],
        "Content-Length": [
          "722"
        ],
        "Content-Type": [
          "application/json; charset=utf-8"
        ],
        "Expires": [
          "-1"
        ]
      },
      "ResponseBody": "{\r\n  \"properties\": {\r\n    \"sku\": {\r\n      \"tier\": \"Premium\"\r\n    },\r\n    \"threatIntelMode\": \"Alert\",\r\n    \"childPolicies\": [],\r\n    \"ruleCollectionGroups\": [\r\n      {\r\n        \"id\": \"/subscriptions/aeb5b02a-0f18-45a4-86d6-81808115cacf/resourceGroups/ps2792/providers/Microsoft.Network/firewallPolicies/ps6784/ruleCollectionGroups/ps8079\"\r\n      }\r\n    ],\r\n    \"firewalls\": [],\r\n    \"provisioningState\": \"Succeeded\"\r\n  },\r\n  \"id\": \"/subscriptions/aeb5b02a-0f18-45a4-86d6-81808115cacf/resourceGroups/ps2792/providers/Microsoft.Network/firewallPolicies/ps6784\",\r\n  \"name\": \"ps6784\",\r\n  \"type\": \"Microsoft.Network/FirewallPolicies\",\r\n  \"etag\": \"6d3414c9-3f09-473d-a882-b73580d0eb61\",\r\n  \"location\": \"westus2\",\r\n  \"tags\": {}\r\n}",
      "StatusCode": 200
    },
    {
      "RequestUri": "/subscriptions/aeb5b02a-0f18-45a4-86d6-81808115cacf/resourceGroups/ps2792/providers/Microsoft.Network/firewallPolicies/ps6784?api-version=2020-07-01",
      "EncodedRequestUri": "L3N1YnNjcmlwdGlvbnMvYWViNWIwMmEtMGYxOC00NWE0LTg2ZDYtODE4MDgxMTVjYWNmL3Jlc291cmNlR3JvdXBzL3BzMjc5Mi9wcm92aWRlcnMvTWljcm9zb2Z0Lk5ldHdvcmsvZmlyZXdhbGxQb2xpY2llcy9wczY3ODQ/YXBpLXZlcnNpb249MjAyMC0wNy0wMQ==",
      "RequestMethod": "GET",
      "RequestBody": "",
      "RequestHeaders": {
        "x-ms-client-request-id": [
          "0695662a-aec6-4101-b0c3-82259bf0092b"
        ],
        "Accept-Language": [
          "en-US"
        ],
        "User-Agent": [
          "FxVersion/4.6.29220.03",
          "OSName/Windows",
          "OSVersion/Microsoft.Windows.10.0.19042.",
          "Microsoft.Azure.Management.Network.NetworkManagementClient/1014.2154.51261.0"
        ]
      },
      "ResponseHeaders": {
        "Cache-Control": [
          "no-cache"
        ],
        "Pragma": [
          "no-cache"
        ],
        "Server": [
          "Microsoft-HTTPAPI/2.0"
        ],
        "x-ms-ratelimit-remaining-subscription-reads": [
          "11960"
        ],
        "x-ms-request-id": [
          "3649c5c0-5382-423f-8f19-02647fd4f40b"
        ],
        "x-ms-correlation-request-id": [
          "3649c5c0-5382-423f-8f19-02647fd4f40b"
        ],
        "x-ms-routing-request-id": [
          "BRAZILUS:20201016T193844Z:3649c5c0-5382-423f-8f19-02647fd4f40b"
        ],
        "Strict-Transport-Security": [
          "max-age=31536000; includeSubDomains"
        ],
        "X-Content-Type-Options": [
          "nosniff"
        ],
        "Date": [
          "Fri, 16 Oct 2020 19:38:44 GMT"
        ],
        "Content-Length": [
          "722"
        ],
        "Content-Type": [
          "application/json; charset=utf-8"
        ],
        "Expires": [
          "-1"
        ]
      },
      "ResponseBody": "{\r\n  \"properties\": {\r\n    \"sku\": {\r\n      \"tier\": \"Premium\"\r\n    },\r\n    \"threatIntelMode\": \"Alert\",\r\n    \"childPolicies\": [],\r\n    \"ruleCollectionGroups\": [\r\n      {\r\n        \"id\": \"/subscriptions/aeb5b02a-0f18-45a4-86d6-81808115cacf/resourceGroups/ps2792/providers/Microsoft.Network/firewallPolicies/ps6784/ruleCollectionGroups/ps8079\"\r\n      }\r\n    ],\r\n    \"firewalls\": [],\r\n    \"provisioningState\": \"Succeeded\"\r\n  },\r\n  \"id\": \"/subscriptions/aeb5b02a-0f18-45a4-86d6-81808115cacf/resourceGroups/ps2792/providers/Microsoft.Network/firewallPolicies/ps6784\",\r\n  \"name\": \"ps6784\",\r\n  \"type\": \"Microsoft.Network/FirewallPolicies\",\r\n  \"etag\": \"6d3414c9-3f09-473d-a882-b73580d0eb61\",\r\n  \"location\": \"westus2\",\r\n  \"tags\": {}\r\n}",
      "StatusCode": 200
    },
    {
      "RequestUri": "/subscriptions/aeb5b02a-0f18-45a4-86d6-81808115cacf/resourceGroups/ps2792/providers/Microsoft.Network/firewallPolicies/ps6784?api-version=2020-07-01",
      "EncodedRequestUri": "L3N1YnNjcmlwdGlvbnMvYWViNWIwMmEtMGYxOC00NWE0LTg2ZDYtODE4MDgxMTVjYWNmL3Jlc291cmNlR3JvdXBzL3BzMjc5Mi9wcm92aWRlcnMvTWljcm9zb2Z0Lk5ldHdvcmsvZmlyZXdhbGxQb2xpY2llcy9wczY3ODQ/YXBpLXZlcnNpb249MjAyMC0wNy0wMQ==",
      "RequestMethod": "GET",
      "RequestBody": "",
      "RequestHeaders": {
        "x-ms-client-request-id": [
          "2f14a536-da7b-4eb2-9514-7aba3671d1b6"
        ],
        "Accept-Language": [
          "en-US"
        ],
        "User-Agent": [
          "FxVersion/4.6.29220.03",
          "OSName/Windows",
          "OSVersion/Microsoft.Windows.10.0.19042.",
          "Microsoft.Azure.Management.Network.NetworkManagementClient/1014.2154.51261.0"
        ]
      },
      "ResponseHeaders": {
        "Cache-Control": [
          "no-cache"
        ],
        "Pragma": [
          "no-cache"
        ],
        "Server": [
          "Microsoft-HTTPAPI/2.0"
        ],
        "x-ms-ratelimit-remaining-subscription-reads": [
          "11959"
        ],
        "x-ms-request-id": [
          "0dcaab46-8f86-4de0-9f42-0907ccfd1905"
        ],
        "x-ms-correlation-request-id": [
          "0dcaab46-8f86-4de0-9f42-0907ccfd1905"
        ],
        "x-ms-routing-request-id": [
          "BRAZILUS:20201016T193844Z:0dcaab46-8f86-4de0-9f42-0907ccfd1905"
        ],
        "Strict-Transport-Security": [
          "max-age=31536000; includeSubDomains"
        ],
        "X-Content-Type-Options": [
          "nosniff"
        ],
        "Date": [
          "Fri, 16 Oct 2020 19:38:44 GMT"
        ],
        "Content-Length": [
          "722"
        ],
        "Content-Type": [
          "application/json; charset=utf-8"
        ],
        "Expires": [
          "-1"
        ]
      },
      "ResponseBody": "{\r\n  \"properties\": {\r\n    \"sku\": {\r\n      \"tier\": \"Premium\"\r\n    },\r\n    \"threatIntelMode\": \"Alert\",\r\n    \"childPolicies\": [],\r\n    \"ruleCollectionGroups\": [\r\n      {\r\n        \"id\": \"/subscriptions/aeb5b02a-0f18-45a4-86d6-81808115cacf/resourceGroups/ps2792/providers/Microsoft.Network/firewallPolicies/ps6784/ruleCollectionGroups/ps8079\"\r\n      }\r\n    ],\r\n    \"firewalls\": [],\r\n    \"provisioningState\": \"Succeeded\"\r\n  },\r\n  \"id\": \"/subscriptions/aeb5b02a-0f18-45a4-86d6-81808115cacf/resourceGroups/ps2792/providers/Microsoft.Network/firewallPolicies/ps6784\",\r\n  \"name\": \"ps6784\",\r\n  \"type\": \"Microsoft.Network/FirewallPolicies\",\r\n  \"etag\": \"6d3414c9-3f09-473d-a882-b73580d0eb61\",\r\n  \"location\": \"westus2\",\r\n  \"tags\": {}\r\n}",
      "StatusCode": 200
    },
    {
      "RequestUri": "/subscriptions/aeb5b02a-0f18-45a4-86d6-81808115cacf/resourceGroups/ps2792/providers/Microsoft.Network/firewallPolicies/ps6784?api-version=2020-07-01",
      "EncodedRequestUri": "L3N1YnNjcmlwdGlvbnMvYWViNWIwMmEtMGYxOC00NWE0LTg2ZDYtODE4MDgxMTVjYWNmL3Jlc291cmNlR3JvdXBzL3BzMjc5Mi9wcm92aWRlcnMvTWljcm9zb2Z0Lk5ldHdvcmsvZmlyZXdhbGxQb2xpY2llcy9wczY3ODQ/YXBpLXZlcnNpb249MjAyMC0wNy0wMQ==",
      "RequestMethod": "PUT",
      "RequestBody": "{\r\n  \"properties\": {\r\n    \"threatIntelMode\": \"Alert\",\r\n    \"sku\": {\r\n      \"tier\": \"Premium\"\r\n    }\r\n  },\r\n  \"location\": \"westus2\"\r\n}",
      "RequestHeaders": {
        "x-ms-client-request-id": [
          "347d9582-c50d-4035-9847-b96cfb3cec41"
        ],
        "Accept-Language": [
          "en-US"
        ],
        "User-Agent": [
          "FxVersion/4.6.29220.03",
          "OSName/Windows",
          "OSVersion/Microsoft.Windows.10.0.19042.",
          "Microsoft.Azure.Management.Network.NetworkManagementClient/1014.2154.51261.0"
        ],
        "Content-Type": [
          "application/json; charset=utf-8"
        ],
        "Content-Length": [
          "133"
        ]
      },
      "ResponseHeaders": {
        "Cache-Control": [
          "no-cache"
        ],
        "Pragma": [
          "no-cache"
        ],
        "Retry-After": [
          "10"
        ],
        "x-ms-request-id": [
          "5e1e383d-4e5e-4a34-866f-bfd5e0b3d38a"
        ],
        "x-ms-correlation-request-id": [
          "7812ddba-142b-4029-8842-a674a64b3258"
        ],
        "Azure-AsyncOperation": [
          "https://brazilus.management.azure.com/subscriptions/aeb5b02a-0f18-45a4-86d6-81808115cacf/providers/Microsoft.Network/locations/westus2/nfvOperations/5e1e383d-4e5e-4a34-866f-bfd5e0b3d38a?api-version=2020-07-01"
        ],
        "Server": [
          "Microsoft-HTTPAPI/2.0"
        ],
        "x-ms-ratelimit-remaining-subscription-writes": [
          "1193"
        ],
        "x-ms-routing-request-id": [
          "BRAZILUS:20201016T193811Z:7812ddba-142b-4029-8842-a674a64b3258"
        ],
        "Strict-Transport-Security": [
          "max-age=31536000; includeSubDomains"
        ],
        "X-Content-Type-Options": [
          "nosniff"
        ],
        "Date": [
          "Fri, 16 Oct 2020 19:38:11 GMT"
        ],
        "Content-Length": [
          "511"
        ],
        "Content-Type": [
          "application/json; charset=utf-8"
        ],
        "Expires": [
          "-1"
        ]
      },
      "ResponseBody": "{\r\n  \"properties\": {\r\n    \"sku\": {\r\n      \"tier\": \"Premium\"\r\n    },\r\n    \"threatIntelMode\": \"Alert\",\r\n    \"childPolicies\": [],\r\n    \"ruleCollectionGroups\": [],\r\n    \"firewalls\": [],\r\n    \"provisioningState\": \"Updating\"\r\n  },\r\n  \"id\": \"/subscriptions/aeb5b02a-0f18-45a4-86d6-81808115cacf/resourceGroups/ps2792/providers/Microsoft.Network/firewallPolicies/ps6784\",\r\n  \"name\": \"ps6784\",\r\n  \"type\": \"Microsoft.Network/FirewallPolicies\",\r\n  \"etag\": \"52551f78-445f-463c-8d68-e463f973f627\",\r\n  \"location\": \"westus2\"\r\n}",
      "StatusCode": 201
    },
    {
      "RequestUri": "/subscriptions/aeb5b02a-0f18-45a4-86d6-81808115cacf/resourceGroups/ps2792/providers/Microsoft.Network/firewallPolicies/ps6784?api-version=2020-07-01",
      "EncodedRequestUri": "L3N1YnNjcmlwdGlvbnMvYWViNWIwMmEtMGYxOC00NWE0LTg2ZDYtODE4MDgxMTVjYWNmL3Jlc291cmNlR3JvdXBzL3BzMjc5Mi9wcm92aWRlcnMvTWljcm9zb2Z0Lk5ldHdvcmsvZmlyZXdhbGxQb2xpY2llcy9wczY3ODQ/YXBpLXZlcnNpb249MjAyMC0wNy0wMQ==",
      "RequestMethod": "PUT",
      "RequestBody": "{\r\n  \"properties\": {\r\n    \"threatIntelMode\": \"Alert\",\r\n    \"sku\": {\r\n      \"tier\": \"Premium\"\r\n    }\r\n  },\r\n  \"location\": \"westus2\",\r\n  \"tags\": {}\r\n}",
      "RequestHeaders": {
        "x-ms-client-request-id": [
          "2f5fa84c-c17f-4a38-b142-e88f55d3a3df"
        ],
        "Accept-Language": [
          "en-US"
        ],
        "User-Agent": [
          "FxVersion/4.6.29220.03",
          "OSName/Windows",
          "OSVersion/Microsoft.Windows.10.0.19042.",
          "Microsoft.Azure.Management.Network.NetworkManagementClient/1014.2154.51261.0"
        ],
        "Content-Type": [
          "application/json; charset=utf-8"
        ],
        "Content-Length": [
          "148"
        ]
      },
      "ResponseHeaders": {
        "Cache-Control": [
          "no-cache"
        ],
        "Pragma": [
          "no-cache"
        ],
        "Retry-After": [
          "10"
        ],
        "x-ms-request-id": [
          "809bfd85-582a-4c99-95ce-3120d1077f18"
        ],
        "x-ms-correlation-request-id": [
          "56d0e41a-e24f-4ca1-94ba-7c0a0b918a0b"
        ],
        "Azure-AsyncOperation": [
          "https://brazilus.management.azure.com/subscriptions/aeb5b02a-0f18-45a4-86d6-81808115cacf/providers/Microsoft.Network/locations/westus2/nfvOperations/809bfd85-582a-4c99-95ce-3120d1077f18?api-version=2020-07-01"
        ],
        "Server": [
          "Microsoft-HTTPAPI/2.0"
        ],
        "x-ms-ratelimit-remaining-subscription-writes": [
          "1191"
        ],
        "x-ms-routing-request-id": [
          "BRAZILUS:20201016T193834Z:56d0e41a-e24f-4ca1-94ba-7c0a0b918a0b"
        ],
        "Strict-Transport-Security": [
          "max-age=31536000; includeSubDomains"
        ],
        "X-Content-Type-Options": [
          "nosniff"
        ],
        "Date": [
          "Fri, 16 Oct 2020 19:38:33 GMT"
        ],
        "Content-Length": [
          "721"
        ],
        "Content-Type": [
          "application/json; charset=utf-8"
        ],
        "Expires": [
          "-1"
        ]
      },
      "ResponseBody": "{\r\n  \"properties\": {\r\n    \"sku\": {\r\n      \"tier\": \"Premium\"\r\n    },\r\n    \"threatIntelMode\": \"Alert\",\r\n    \"childPolicies\": [],\r\n    \"ruleCollectionGroups\": [\r\n      {\r\n        \"id\": \"/subscriptions/aeb5b02a-0f18-45a4-86d6-81808115cacf/resourceGroups/ps2792/providers/Microsoft.Network/firewallPolicies/ps6784/ruleCollectionGroups/ps8079\"\r\n      }\r\n    ],\r\n    \"firewalls\": [],\r\n    \"provisioningState\": \"Updating\"\r\n  },\r\n  \"id\": \"/subscriptions/aeb5b02a-0f18-45a4-86d6-81808115cacf/resourceGroups/ps2792/providers/Microsoft.Network/firewallPolicies/ps6784\",\r\n  \"name\": \"ps6784\",\r\n  \"type\": \"Microsoft.Network/FirewallPolicies\",\r\n  \"etag\": \"6d3414c9-3f09-473d-a882-b73580d0eb61\",\r\n  \"location\": \"westus2\",\r\n  \"tags\": {}\r\n}",
      "StatusCode": 200
    },
    {
      "RequestUri": "/subscriptions/aeb5b02a-0f18-45a4-86d6-81808115cacf/providers/Microsoft.Network/locations/westus2/nfvOperations/5e1e383d-4e5e-4a34-866f-bfd5e0b3d38a?api-version=2020-07-01",
      "EncodedRequestUri": "L3N1YnNjcmlwdGlvbnMvYWViNWIwMmEtMGYxOC00NWE0LTg2ZDYtODE4MDgxMTVjYWNmL3Byb3ZpZGVycy9NaWNyb3NvZnQuTmV0d29yay9sb2NhdGlvbnMvd2VzdHVzMi9uZnZPcGVyYXRpb25zLzVlMWUzODNkLTRlNWUtNGEzNC04NjZmLWJmZDVlMGIzZDM4YT9hcGktdmVyc2lvbj0yMDIwLTA3LTAx",
      "RequestMethod": "GET",
      "RequestBody": "",
      "RequestHeaders": {
        "User-Agent": [
          "FxVersion/4.6.29220.03",
          "OSName/Windows",
          "OSVersion/Microsoft.Windows.10.0.19042.",
          "Microsoft.Azure.Management.Network.NetworkManagementClient/1014.2154.51261.0"
        ]
      },
      "ResponseHeaders": {
        "Cache-Control": [
          "no-cache"
        ],
        "Pragma": [
          "no-cache"
        ],
        "x-ms-request-id": [
          "150b2e83-c0a4-4a14-9c2a-31c20844c184"
        ],
        "x-ms-correlation-request-id": [
          "3a685a78-96bc-4407-a7f7-2fe56bc62936"
        ],
        "Server": [
          "Microsoft-HTTPAPI/2.0"
        ],
        "x-ms-ratelimit-remaining-subscription-reads": [
          "11969"
        ],
        "x-ms-routing-request-id": [
          "BRAZILUS:20201016T193821Z:3a685a78-96bc-4407-a7f7-2fe56bc62936"
        ],
        "Strict-Transport-Security": [
          "max-age=31536000; includeSubDomains"
        ],
        "X-Content-Type-Options": [
          "nosniff"
        ],
        "Date": [
          "Fri, 16 Oct 2020 19:38:21 GMT"
        ],
        "Content-Length": [
          "29"
        ],
        "Content-Type": [
          "application/json; charset=utf-8"
        ],
        "Expires": [
          "-1"
        ]
      },
      "ResponseBody": "{\r\n  \"status\": \"Succeeded\"\r\n}",
      "StatusCode": 200
    },
    {
      "RequestUri": "/subscriptions/aeb5b02a-0f18-45a4-86d6-81808115cacf/resourceGroups/ps2792/providers/Microsoft.Network/firewallPolicies/ps6784/ruleCollectionGroups/ps8079?api-version=2020-07-01",
      "EncodedRequestUri": "L3N1YnNjcmlwdGlvbnMvYWViNWIwMmEtMGYxOC00NWE0LTg2ZDYtODE4MDgxMTVjYWNmL3Jlc291cmNlR3JvdXBzL3BzMjc5Mi9wcm92aWRlcnMvTWljcm9zb2Z0Lk5ldHdvcmsvZmlyZXdhbGxQb2xpY2llcy9wczY3ODQvcnVsZUNvbGxlY3Rpb25Hcm91cHMvcHM4MDc5P2FwaS12ZXJzaW9uPTIwMjAtMDctMDE=",
      "RequestMethod": "PUT",
      "RequestBody": "{\r\n  \"properties\": {\r\n    \"priority\": 100,\r\n    \"ruleCollections\": [\r\n      {\r\n        \"ruleCollectionType\": \"FirewallPolicyFilterRuleCollection\",\r\n        \"action\": {\r\n          \"type\": \"Allow\"\r\n        },\r\n        \"rules\": [\r\n          {\r\n            \"ruleType\": \"ApplicationRule\",\r\n            \"sourceAddresses\": [\r\n              \"192.168.0.0/16\"\r\n            ],\r\n            \"protocols\": [\r\n              {\r\n                \"protocolType\": \"Http\",\r\n                \"port\": 80\r\n              },\r\n              {\r\n                \"protocolType\": \"Https\",\r\n                \"port\": 443\r\n              }\r\n            ],\r\n            \"targetFqdns\": [\r\n              \"*google.com\",\r\n              \"*microsoft.com\"\r\n            ],\r\n            \"terminateTLS\": true,\r\n            \"name\": \"appRule\"\r\n          }\r\n        ],\r\n        \"name\": \"appRc\",\r\n        \"priority\": 400\r\n      }\r\n    ]\r\n  },\r\n  \"name\": \"ps8079\"\r\n}",
      "RequestHeaders": {
        "x-ms-client-request-id": [
          "cff36007-604f-4bea-a600-d537dc6052f4"
        ],
        "Accept-Language": [
          "en-US"
        ],
        "User-Agent": [
          "FxVersion/4.6.29220.03",
          "OSName/Windows",
          "OSVersion/Microsoft.Windows.10.0.19042.",
          "Microsoft.Azure.Management.Network.NetworkManagementClient/1014.2154.51261.0"
        ],
        "Content-Type": [
          "application/json; charset=utf-8"
        ],
        "Content-Length": [
          "913"
        ]
      },
      "ResponseHeaders": {
        "Cache-Control": [
          "no-cache"
        ],
        "Pragma": [
          "no-cache"
        ],
        "Retry-After": [
          "10"
        ],
        "x-ms-request-id": [
          "00fbb710-d9b5-4347-a873-28ae019e11af"
        ],
        "x-ms-correlation-request-id": [
          "abae57ef-58bf-4b5b-8d3d-dc27800e27fd"
        ],
        "Azure-AsyncOperation": [
          "https://brazilus.management.azure.com/subscriptions/aeb5b02a-0f18-45a4-86d6-81808115cacf/providers/Microsoft.Network/locations/westus2/nfvOperations/00fbb710-d9b5-4347-a873-28ae019e11af?api-version=2020-07-01"
        ],
        "Server": [
          "Microsoft-HTTPAPI/2.0"
        ],
        "x-ms-ratelimit-remaining-subscription-writes": [
          "1192"
        ],
        "x-ms-routing-request-id": [
          "BRAZILUS:20201016T193823Z:abae57ef-58bf-4b5b-8d3d-dc27800e27fd"
        ],
        "Strict-Transport-Security": [
          "max-age=31536000; includeSubDomains"
        ],
        "X-Content-Type-Options": [
          "nosniff"
        ],
        "Date": [
          "Fri, 16 Oct 2020 19:38:22 GMT"
        ],
        "Content-Length": [
          "1434"
        ],
        "Content-Type": [
          "application/json; charset=utf-8"
        ],
        "Expires": [
          "-1"
        ]
      },
      "ResponseBody": "{\r\n  \"properties\": {\r\n    \"priority\": 100,\r\n    \"ruleCollections\": [\r\n      {\r\n        \"ruleCollectionType\": \"FirewallPolicyFilterRuleCollection\",\r\n        \"action\": {\r\n          \"type\": \"Allow\"\r\n        },\r\n        \"rules\": [\r\n          {\r\n            \"ruleType\": \"ApplicationRule\",\r\n            \"name\": \"appRule\",\r\n            \"protocols\": [\r\n              {\r\n                \"protocolType\": \"Http\",\r\n                \"port\": 80\r\n              },\r\n              {\r\n                \"protocolType\": \"Https\",\r\n                \"port\": 443\r\n              }\r\n            ],\r\n            \"fqdnTags\": [],\r\n            \"webCategories\": [],\r\n            \"targetFqdns\": [\r\n              \"*google.com\",\r\n              \"*microsoft.com\"\r\n            ],\r\n            \"targetUrls\": [],\r\n            \"terminateTLS\": true,\r\n            \"sourceAddresses\": [\r\n              \"192.168.0.0/16\"\r\n            ],\r\n            \"destinationAddresses\": [],\r\n            \"sourceIpGroups\": []\r\n          }\r\n        ],\r\n        \"name\": \"appRc\",\r\n        \"priority\": 400\r\n      }\r\n    ],\r\n    \"provisioningState\": \"Updating\"\r\n  },\r\n  \"id\": \"/subscriptions/aeb5b02a-0f18-45a4-86d6-81808115cacf/resourceGroups/ps2792/providers/Microsoft.Network/firewallPolicies/ps6784/ruleCollectionGroups/ps8079\",\r\n  \"name\": \"ps8079\",\r\n  \"type\": \"Microsoft.Network/FirewallPolicies/RuleCollectionGroups\",\r\n  \"etag\": \"6de43cbd-f76a-40c3-b558-3351a9b473c2\",\r\n  \"location\": \"westus2\"\r\n}",
      "StatusCode": 201
    },
    {
      "RequestUri": "/subscriptions/aeb5b02a-0f18-45a4-86d6-81808115cacf/resourceGroups/ps2792/providers/Microsoft.Network/firewallPolicies/ps6784/ruleCollectionGroups/ps8079?api-version=2020-07-01",
      "EncodedRequestUri": "L3N1YnNjcmlwdGlvbnMvYWViNWIwMmEtMGYxOC00NWE0LTg2ZDYtODE4MDgxMTVjYWNmL3Jlc291cmNlR3JvdXBzL3BzMjc5Mi9wcm92aWRlcnMvTWljcm9zb2Z0Lk5ldHdvcmsvZmlyZXdhbGxQb2xpY2llcy9wczY3ODQvcnVsZUNvbGxlY3Rpb25Hcm91cHMvcHM4MDc5P2FwaS12ZXJzaW9uPTIwMjAtMDctMDE=",
      "RequestMethod": "PUT",
      "RequestBody": "{\r\n  \"properties\": {\r\n    \"priority\": 154,\r\n    \"ruleCollections\": [\r\n      {\r\n        \"ruleCollectionType\": \"FirewallPolicyFilterRuleCollection\",\r\n        \"action\": {\r\n          \"type\": \"Allow\"\r\n        },\r\n        \"rules\": [\r\n          {\r\n            \"ruleType\": \"ApplicationRule\",\r\n            \"sourceAddresses\": [\r\n              \"192.168.0.0/16\"\r\n            ],\r\n            \"protocols\": [\r\n              {\r\n                \"protocolType\": \"Http\",\r\n                \"port\": 80\r\n              },\r\n              {\r\n                \"protocolType\": \"Https\",\r\n                \"port\": 443\r\n              }\r\n            ],\r\n            \"targetFqdns\": [\r\n              \"*google.com\",\r\n              \"*microsoft.com\"\r\n            ],\r\n            \"targetUrls\": [],\r\n            \"fqdnTags\": [],\r\n            \"sourceIpGroups\": [],\r\n            \"terminateTLS\": true,\r\n            \"name\": \"appRule\"\r\n          }\r\n        ],\r\n        \"name\": \"appRc\",\r\n        \"priority\": 400\r\n      }\r\n    ]\r\n  },\r\n  \"name\": \"ps8079\"\r\n}",
      "RequestHeaders": {
        "x-ms-client-request-id": [
          "e5a7950e-3739-40c1-8687-fe76ef4e5876"
        ],
        "Accept-Language": [
          "en-US"
        ],
        "User-Agent": [
          "FxVersion/4.6.29220.03",
          "OSName/Windows",
          "OSVersion/Microsoft.Windows.10.0.19042.",
          "Microsoft.Azure.Management.Network.NetworkManagementClient/1014.2154.51261.0"
        ],
        "Content-Type": [
          "application/json; charset=utf-8"
        ],
        "Content-Length": [
          "1008"
        ]
      },
      "ResponseHeaders": {
        "Cache-Control": [
          "no-cache"
        ],
        "Pragma": [
          "no-cache"
        ],
        "Retry-After": [
          "10"
        ],
        "x-ms-request-id": [
          "7675adb0-7de7-4359-a8ab-3503af36ce78"
        ],
        "x-ms-correlation-request-id": [
          "4ecd320e-00f1-4ee3-835e-1395acaa5cce"
        ],
        "Azure-AsyncOperation": [
          "https://brazilus.management.azure.com/subscriptions/aeb5b02a-0f18-45a4-86d6-81808115cacf/providers/Microsoft.Network/locations/westus2/nfvOperations/7675adb0-7de7-4359-a8ab-3503af36ce78?api-version=2020-07-01"
        ],
        "Server": [
          "Microsoft-HTTPAPI/2.0"
        ],
        "x-ms-ratelimit-remaining-subscription-writes": [
          "1190"
        ],
        "x-ms-routing-request-id": [
          "BRAZILUS:20201016T193846Z:4ecd320e-00f1-4ee3-835e-1395acaa5cce"
        ],
        "Strict-Transport-Security": [
          "max-age=31536000; includeSubDomains"
        ],
        "X-Content-Type-Options": [
          "nosniff"
        ],
        "Date": [
          "Fri, 16 Oct 2020 19:38:46 GMT"
        ],
        "Content-Length": [
          "1434"
        ],
        "Content-Type": [
          "application/json; charset=utf-8"
        ],
        "Expires": [
          "-1"
        ]
      },
      "ResponseBody": "{\r\n  \"properties\": {\r\n    \"priority\": 154,\r\n    \"ruleCollections\": [\r\n      {\r\n        \"ruleCollectionType\": \"FirewallPolicyFilterRuleCollection\",\r\n        \"action\": {\r\n          \"type\": \"Allow\"\r\n        },\r\n        \"rules\": [\r\n          {\r\n            \"ruleType\": \"ApplicationRule\",\r\n            \"name\": \"appRule\",\r\n            \"protocols\": [\r\n              {\r\n                \"protocolType\": \"Http\",\r\n                \"port\": 80\r\n              },\r\n              {\r\n                \"protocolType\": \"Https\",\r\n                \"port\": 443\r\n              }\r\n            ],\r\n            \"fqdnTags\": [],\r\n            \"webCategories\": [],\r\n            \"targetFqdns\": [\r\n              \"*google.com\",\r\n              \"*microsoft.com\"\r\n            ],\r\n            \"targetUrls\": [],\r\n            \"terminateTLS\": true,\r\n            \"sourceAddresses\": [\r\n              \"192.168.0.0/16\"\r\n            ],\r\n            \"destinationAddresses\": [],\r\n            \"sourceIpGroups\": []\r\n          }\r\n        ],\r\n        \"name\": \"appRc\",\r\n        \"priority\": 400\r\n      }\r\n    ],\r\n    \"provisioningState\": \"Updating\"\r\n  },\r\n  \"id\": \"/subscriptions/aeb5b02a-0f18-45a4-86d6-81808115cacf/resourceGroups/ps2792/providers/Microsoft.Network/firewallPolicies/ps6784/ruleCollectionGroups/ps8079\",\r\n  \"name\": \"ps8079\",\r\n  \"type\": \"Microsoft.Network/FirewallPolicies/RuleCollectionGroups\",\r\n  \"etag\": \"568f4589-8ecf-4974-83d5-a28d9b6e8f73\",\r\n  \"location\": \"westus2\"\r\n}",
      "StatusCode": 200
    },
    {
      "RequestUri": "/subscriptions/aeb5b02a-0f18-45a4-86d6-81808115cacf/providers/Microsoft.Network/locations/westus2/nfvOperations/00fbb710-d9b5-4347-a873-28ae019e11af?api-version=2020-07-01",
      "EncodedRequestUri": "L3N1YnNjcmlwdGlvbnMvYWViNWIwMmEtMGYxOC00NWE0LTg2ZDYtODE4MDgxMTVjYWNmL3Byb3ZpZGVycy9NaWNyb3NvZnQuTmV0d29yay9sb2NhdGlvbnMvd2VzdHVzMi9uZnZPcGVyYXRpb25zLzAwZmJiNzEwLWQ5YjUtNDM0Ny1hODczLTI4YWUwMTllMTFhZj9hcGktdmVyc2lvbj0yMDIwLTA3LTAx",
      "RequestMethod": "GET",
      "RequestBody": "",
      "RequestHeaders": {
        "User-Agent": [
          "FxVersion/4.6.29220.03",
          "OSName/Windows",
          "OSVersion/Microsoft.Windows.10.0.19042.",
          "Microsoft.Azure.Management.Network.NetworkManagementClient/1014.2154.51261.0"
        ]
      },
      "ResponseHeaders": {
        "Cache-Control": [
          "no-cache"
        ],
        "Pragma": [
          "no-cache"
        ],
        "x-ms-request-id": [
          "6639d629-6e85-48d9-adb0-b54466cad3d0"
        ],
        "x-ms-correlation-request-id": [
          "0b4394cf-9ed1-4611-ba2f-3353948934c6"
        ],
        "Server": [
          "Microsoft-HTTPAPI/2.0"
        ],
        "x-ms-ratelimit-remaining-subscription-reads": [
          "11965"
        ],
        "x-ms-routing-request-id": [
          "BRAZILUS:20201016T193833Z:0b4394cf-9ed1-4611-ba2f-3353948934c6"
        ],
        "Strict-Transport-Security": [
          "max-age=31536000; includeSubDomains"
        ],
        "X-Content-Type-Options": [
          "nosniff"
        ],
        "Date": [
          "Fri, 16 Oct 2020 19:38:32 GMT"
        ],
        "Content-Length": [
          "29"
        ],
        "Content-Type": [
          "application/json; charset=utf-8"
        ],
        "Expires": [
          "-1"
        ]
      },
      "ResponseBody": "{\r\n  \"status\": \"Succeeded\"\r\n}",
      "StatusCode": 200
    },
    {
      "RequestUri": "/subscriptions/aeb5b02a-0f18-45a4-86d6-81808115cacf/resourceGroups/ps2792/providers/Microsoft.Network/firewallPolicies/ps6784/ruleCollectionGroups/ps8079?api-version=2020-07-01",
      "EncodedRequestUri": "L3N1YnNjcmlwdGlvbnMvYWViNWIwMmEtMGYxOC00NWE0LTg2ZDYtODE4MDgxMTVjYWNmL3Jlc291cmNlR3JvdXBzL3BzMjc5Mi9wcm92aWRlcnMvTWljcm9zb2Z0Lk5ldHdvcmsvZmlyZXdhbGxQb2xpY2llcy9wczY3ODQvcnVsZUNvbGxlY3Rpb25Hcm91cHMvcHM4MDc5P2FwaS12ZXJzaW9uPTIwMjAtMDctMDE=",
      "RequestMethod": "GET",
      "RequestBody": "",
      "RequestHeaders": {
        "User-Agent": [
          "FxVersion/4.6.29220.03",
          "OSName/Windows",
          "OSVersion/Microsoft.Windows.10.0.19042.",
          "Microsoft.Azure.Management.Network.NetworkManagementClient/1014.2154.51261.0"
        ]
      },
      "ResponseHeaders": {
        "Cache-Control": [
          "no-cache"
        ],
        "Pragma": [
          "no-cache"
        ],
        "Server": [
          "Microsoft-HTTPAPI/2.0"
        ],
        "x-ms-ratelimit-remaining-subscription-reads": [
          "11964"
        ],
        "x-ms-request-id": [
          "b38012f6-d1cb-4ca2-8841-20a6e17a4408"
        ],
        "x-ms-correlation-request-id": [
          "b38012f6-d1cb-4ca2-8841-20a6e17a4408"
        ],
        "x-ms-routing-request-id": [
          "BRAZILUS:20201016T193833Z:b38012f6-d1cb-4ca2-8841-20a6e17a4408"
        ],
        "Strict-Transport-Security": [
          "max-age=31536000; includeSubDomains"
        ],
        "X-Content-Type-Options": [
          "nosniff"
        ],
        "Date": [
          "Fri, 16 Oct 2020 19:38:32 GMT"
        ],
        "Content-Length": [
          "1435"
        ],
        "Content-Type": [
          "application/json; charset=utf-8"
        ],
        "Expires": [
          "-1"
        ]
      },
      "ResponseBody": "{\r\n  \"properties\": {\r\n    \"priority\": 100,\r\n    \"ruleCollections\": [\r\n      {\r\n        \"ruleCollectionType\": \"FirewallPolicyFilterRuleCollection\",\r\n        \"action\": {\r\n          \"type\": \"Allow\"\r\n        },\r\n        \"rules\": [\r\n          {\r\n            \"ruleType\": \"ApplicationRule\",\r\n            \"name\": \"appRule\",\r\n            \"protocols\": [\r\n              {\r\n                \"protocolType\": \"Http\",\r\n                \"port\": 80\r\n              },\r\n              {\r\n                \"protocolType\": \"Https\",\r\n                \"port\": 443\r\n              }\r\n            ],\r\n            \"fqdnTags\": [],\r\n            \"webCategories\": [],\r\n            \"targetFqdns\": [\r\n              \"*google.com\",\r\n              \"*microsoft.com\"\r\n            ],\r\n            \"targetUrls\": [],\r\n            \"terminateTLS\": true,\r\n            \"sourceAddresses\": [\r\n              \"192.168.0.0/16\"\r\n            ],\r\n            \"destinationAddresses\": [],\r\n            \"sourceIpGroups\": []\r\n          }\r\n        ],\r\n        \"name\": \"appRc\",\r\n        \"priority\": 400\r\n      }\r\n    ],\r\n    \"provisioningState\": \"Succeeded\"\r\n  },\r\n  \"id\": \"/subscriptions/aeb5b02a-0f18-45a4-86d6-81808115cacf/resourceGroups/ps2792/providers/Microsoft.Network/firewallPolicies/ps6784/ruleCollectionGroups/ps8079\",\r\n  \"name\": \"ps8079\",\r\n  \"type\": \"Microsoft.Network/FirewallPolicies/RuleCollectionGroups\",\r\n  \"etag\": \"6de43cbd-f76a-40c3-b558-3351a9b473c2\",\r\n  \"location\": \"westus2\"\r\n}",
      "StatusCode": 200
    },
    {
      "RequestUri": "/subscriptions/aeb5b02a-0f18-45a4-86d6-81808115cacf/resourceGroups/ps2792/providers/Microsoft.Network/firewallPolicies/ps6784/ruleCollectionGroups/ps8079?api-version=2020-07-01",
      "EncodedRequestUri": "L3N1YnNjcmlwdGlvbnMvYWViNWIwMmEtMGYxOC00NWE0LTg2ZDYtODE4MDgxMTVjYWNmL3Jlc291cmNlR3JvdXBzL3BzMjc5Mi9wcm92aWRlcnMvTWljcm9zb2Z0Lk5ldHdvcmsvZmlyZXdhbGxQb2xpY2llcy9wczY3ODQvcnVsZUNvbGxlY3Rpb25Hcm91cHMvcHM4MDc5P2FwaS12ZXJzaW9uPTIwMjAtMDctMDE=",
      "RequestMethod": "GET",
      "RequestBody": "",
      "RequestHeaders": {
        "x-ms-client-request-id": [
          "d8e6647c-5483-4892-9cf4-3fb8d013aa6d"
        ],
        "Accept-Language": [
          "en-US"
        ],
        "User-Agent": [
          "FxVersion/4.6.29220.03",
          "OSName/Windows",
          "OSVersion/Microsoft.Windows.10.0.19042.",
          "Microsoft.Azure.Management.Network.NetworkManagementClient/1014.2154.51261.0"
        ]
      },
      "ResponseHeaders": {
        "Cache-Control": [
          "no-cache"
        ],
        "Pragma": [
          "no-cache"
        ],
        "Server": [
          "Microsoft-HTTPAPI/2.0"
        ],
        "x-ms-ratelimit-remaining-subscription-reads": [
          "11958"
        ],
        "x-ms-request-id": [
          "582d0368-dea9-4c17-9d32-c281f50db19b"
        ],
        "x-ms-correlation-request-id": [
          "582d0368-dea9-4c17-9d32-c281f50db19b"
        ],
        "x-ms-routing-request-id": [
          "BRAZILUS:20201016T193844Z:582d0368-dea9-4c17-9d32-c281f50db19b"
        ],
        "Strict-Transport-Security": [
          "max-age=31536000; includeSubDomains"
        ],
        "X-Content-Type-Options": [
          "nosniff"
        ],
        "Date": [
          "Fri, 16 Oct 2020 19:38:44 GMT"
        ],
        "Content-Length": [
          "1435"
        ],
        "Content-Type": [
          "application/json; charset=utf-8"
        ],
        "Expires": [
          "-1"
        ]
      },
      "ResponseBody": "{\r\n  \"properties\": {\r\n    \"priority\": 100,\r\n    \"ruleCollections\": [\r\n      {\r\n        \"ruleCollectionType\": \"FirewallPolicyFilterRuleCollection\",\r\n        \"action\": {\r\n          \"type\": \"Allow\"\r\n        },\r\n        \"rules\": [\r\n          {\r\n            \"ruleType\": \"ApplicationRule\",\r\n            \"name\": \"appRule\",\r\n            \"protocols\": [\r\n              {\r\n                \"protocolType\": \"Http\",\r\n                \"port\": 80\r\n              },\r\n              {\r\n                \"protocolType\": \"Https\",\r\n                \"port\": 443\r\n              }\r\n            ],\r\n            \"fqdnTags\": [],\r\n            \"webCategories\": [],\r\n            \"targetFqdns\": [\r\n              \"*google.com\",\r\n              \"*microsoft.com\"\r\n            ],\r\n            \"targetUrls\": [],\r\n            \"terminateTLS\": true,\r\n            \"sourceAddresses\": [\r\n              \"192.168.0.0/16\"\r\n            ],\r\n            \"destinationAddresses\": [],\r\n            \"sourceIpGroups\": []\r\n          }\r\n        ],\r\n        \"name\": \"appRc\",\r\n        \"priority\": 400\r\n      }\r\n    ],\r\n    \"provisioningState\": \"Succeeded\"\r\n  },\r\n  \"id\": \"/subscriptions/aeb5b02a-0f18-45a4-86d6-81808115cacf/resourceGroups/ps2792/providers/Microsoft.Network/firewallPolicies/ps6784/ruleCollectionGroups/ps8079\",\r\n  \"name\": \"ps8079\",\r\n  \"type\": \"Microsoft.Network/FirewallPolicies/RuleCollectionGroups\",\r\n  \"etag\": \"6de43cbd-f76a-40c3-b558-3351a9b473c2\",\r\n  \"location\": \"westus2\"\r\n}",
      "StatusCode": 200
    },
    {
      "RequestUri": "/subscriptions/aeb5b02a-0f18-45a4-86d6-81808115cacf/resourceGroups/ps2792/providers/Microsoft.Network/firewallPolicies/ps6784/ruleCollectionGroups/ps8079?api-version=2020-07-01",
      "EncodedRequestUri": "L3N1YnNjcmlwdGlvbnMvYWViNWIwMmEtMGYxOC00NWE0LTg2ZDYtODE4MDgxMTVjYWNmL3Jlc291cmNlR3JvdXBzL3BzMjc5Mi9wcm92aWRlcnMvTWljcm9zb2Z0Lk5ldHdvcmsvZmlyZXdhbGxQb2xpY2llcy9wczY3ODQvcnVsZUNvbGxlY3Rpb25Hcm91cHMvcHM4MDc5P2FwaS12ZXJzaW9uPTIwMjAtMDctMDE=",
      "RequestMethod": "GET",
      "RequestBody": "",
      "RequestHeaders": {
        "x-ms-client-request-id": [
          "2b1f7fd2-ef50-497b-aa16-4e77652741a9"
        ],
        "Accept-Language": [
          "en-US"
        ],
        "User-Agent": [
          "FxVersion/4.6.29220.03",
          "OSName/Windows",
          "OSVersion/Microsoft.Windows.10.0.19042.",
          "Microsoft.Azure.Management.Network.NetworkManagementClient/1014.2154.51261.0"
        ]
      },
      "ResponseHeaders": {
        "Cache-Control": [
          "no-cache"
        ],
        "Pragma": [
          "no-cache"
        ],
        "Server": [
          "Microsoft-HTTPAPI/2.0"
        ],
        "x-ms-ratelimit-remaining-subscription-reads": [
          "11957"
        ],
        "x-ms-request-id": [
          "fc02c034-3f56-4695-b541-a2a166e0e275"
        ],
        "x-ms-correlation-request-id": [
          "fc02c034-3f56-4695-b541-a2a166e0e275"
        ],
        "x-ms-routing-request-id": [
          "BRAZILUS:20201016T193845Z:fc02c034-3f56-4695-b541-a2a166e0e275"
        ],
        "Strict-Transport-Security": [
          "max-age=31536000; includeSubDomains"
        ],
        "X-Content-Type-Options": [
          "nosniff"
        ],
        "Date": [
          "Fri, 16 Oct 2020 19:38:45 GMT"
        ],
        "Content-Length": [
          "1435"
        ],
        "Content-Type": [
          "application/json; charset=utf-8"
        ],
        "Expires": [
          "-1"
        ]
      },
      "ResponseBody": "{\r\n  \"properties\": {\r\n    \"priority\": 100,\r\n    \"ruleCollections\": [\r\n      {\r\n        \"ruleCollectionType\": \"FirewallPolicyFilterRuleCollection\",\r\n        \"action\": {\r\n          \"type\": \"Allow\"\r\n        },\r\n        \"rules\": [\r\n          {\r\n            \"ruleType\": \"ApplicationRule\",\r\n            \"name\": \"appRule\",\r\n            \"protocols\": [\r\n              {\r\n                \"protocolType\": \"Http\",\r\n                \"port\": 80\r\n              },\r\n              {\r\n                \"protocolType\": \"Https\",\r\n                \"port\": 443\r\n              }\r\n            ],\r\n            \"fqdnTags\": [],\r\n            \"webCategories\": [],\r\n            \"targetFqdns\": [\r\n              \"*google.com\",\r\n              \"*microsoft.com\"\r\n            ],\r\n            \"targetUrls\": [],\r\n            \"terminateTLS\": true,\r\n            \"sourceAddresses\": [\r\n              \"192.168.0.0/16\"\r\n            ],\r\n            \"destinationAddresses\": [],\r\n            \"sourceIpGroups\": []\r\n          }\r\n        ],\r\n        \"name\": \"appRc\",\r\n        \"priority\": 400\r\n      }\r\n    ],\r\n    \"provisioningState\": \"Succeeded\"\r\n  },\r\n  \"id\": \"/subscriptions/aeb5b02a-0f18-45a4-86d6-81808115cacf/resourceGroups/ps2792/providers/Microsoft.Network/firewallPolicies/ps6784/ruleCollectionGroups/ps8079\",\r\n  \"name\": \"ps8079\",\r\n  \"type\": \"Microsoft.Network/FirewallPolicies/RuleCollectionGroups\",\r\n  \"etag\": \"6de43cbd-f76a-40c3-b558-3351a9b473c2\",\r\n  \"location\": \"westus2\"\r\n}",
      "StatusCode": 200
    },
    {
      "RequestUri": "/subscriptions/aeb5b02a-0f18-45a4-86d6-81808115cacf/resourceGroups/ps2792/providers/Microsoft.Network/firewallPolicies/ps6784/ruleCollectionGroups/ps8079?api-version=2020-07-01",
      "EncodedRequestUri": "L3N1YnNjcmlwdGlvbnMvYWViNWIwMmEtMGYxOC00NWE0LTg2ZDYtODE4MDgxMTVjYWNmL3Jlc291cmNlR3JvdXBzL3BzMjc5Mi9wcm92aWRlcnMvTWljcm9zb2Z0Lk5ldHdvcmsvZmlyZXdhbGxQb2xpY2llcy9wczY3ODQvcnVsZUNvbGxlY3Rpb25Hcm91cHMvcHM4MDc5P2FwaS12ZXJzaW9uPTIwMjAtMDctMDE=",
      "RequestMethod": "GET",
      "RequestBody": "",
      "RequestHeaders": {
        "User-Agent": [
          "FxVersion/4.6.29220.03",
          "OSName/Windows",
          "OSVersion/Microsoft.Windows.10.0.19042.",
          "Microsoft.Azure.Management.Network.NetworkManagementClient/1014.2154.51261.0"
        ]
      },
      "ResponseHeaders": {
        "Cache-Control": [
          "no-cache"
        ],
        "Pragma": [
          "no-cache"
        ],
        "Server": [
          "Microsoft-HTTPAPI/2.0"
        ],
        "x-ms-ratelimit-remaining-subscription-reads": [
          "11955"
        ],
        "x-ms-request-id": [
          "99f44b3a-fa42-4c59-9b82-85024f2934e6"
        ],
        "x-ms-correlation-request-id": [
          "99f44b3a-fa42-4c59-9b82-85024f2934e6"
        ],
        "x-ms-routing-request-id": [
          "BRAZILUS:20201016T193857Z:99f44b3a-fa42-4c59-9b82-85024f2934e6"
        ],
        "Strict-Transport-Security": [
          "max-age=31536000; includeSubDomains"
        ],
        "X-Content-Type-Options": [
          "nosniff"
        ],
        "Date": [
          "Fri, 16 Oct 2020 19:38:56 GMT"
        ],
        "Content-Length": [
          "1435"
        ],
        "Content-Type": [
          "application/json; charset=utf-8"
        ],
        "Expires": [
          "-1"
        ]
      },
      "ResponseBody": "{\r\n  \"properties\": {\r\n    \"priority\": 154,\r\n    \"ruleCollections\": [\r\n      {\r\n        \"ruleCollectionType\": \"FirewallPolicyFilterRuleCollection\",\r\n        \"action\": {\r\n          \"type\": \"Allow\"\r\n        },\r\n        \"rules\": [\r\n          {\r\n            \"ruleType\": \"ApplicationRule\",\r\n            \"name\": \"appRule\",\r\n            \"protocols\": [\r\n              {\r\n                \"protocolType\": \"Http\",\r\n                \"port\": 80\r\n              },\r\n              {\r\n                \"protocolType\": \"Https\",\r\n                \"port\": 443\r\n              }\r\n            ],\r\n            \"fqdnTags\": [],\r\n            \"webCategories\": [],\r\n            \"targetFqdns\": [\r\n              \"*google.com\",\r\n              \"*microsoft.com\"\r\n            ],\r\n            \"targetUrls\": [],\r\n            \"terminateTLS\": true,\r\n            \"sourceAddresses\": [\r\n              \"192.168.0.0/16\"\r\n            ],\r\n            \"destinationAddresses\": [],\r\n            \"sourceIpGroups\": []\r\n          }\r\n        ],\r\n        \"name\": \"appRc\",\r\n        \"priority\": 400\r\n      }\r\n    ],\r\n    \"provisioningState\": \"Succeeded\"\r\n  },\r\n  \"id\": \"/subscriptions/aeb5b02a-0f18-45a4-86d6-81808115cacf/resourceGroups/ps2792/providers/Microsoft.Network/firewallPolicies/ps6784/ruleCollectionGroups/ps8079\",\r\n  \"name\": \"ps8079\",\r\n  \"type\": \"Microsoft.Network/FirewallPolicies/RuleCollectionGroups\",\r\n  \"etag\": \"568f4589-8ecf-4974-83d5-a28d9b6e8f73\",\r\n  \"location\": \"westus2\"\r\n}",
      "StatusCode": 200
    },
    {
      "RequestUri": "/subscriptions/aeb5b02a-0f18-45a4-86d6-81808115cacf/resourceGroups/ps2792/providers/Microsoft.Network/firewallPolicies/ps6784/ruleCollectionGroups/ps8079?api-version=2020-07-01",
      "EncodedRequestUri": "L3N1YnNjcmlwdGlvbnMvYWViNWIwMmEtMGYxOC00NWE0LTg2ZDYtODE4MDgxMTVjYWNmL3Jlc291cmNlR3JvdXBzL3BzMjc5Mi9wcm92aWRlcnMvTWljcm9zb2Z0Lk5ldHdvcmsvZmlyZXdhbGxQb2xpY2llcy9wczY3ODQvcnVsZUNvbGxlY3Rpb25Hcm91cHMvcHM4MDc5P2FwaS12ZXJzaW9uPTIwMjAtMDctMDE=",
      "RequestMethod": "GET",
      "RequestBody": "",
      "RequestHeaders": {
        "x-ms-client-request-id": [
          "585ea0d3-57d0-446f-838b-26e4d0b32823"
        ],
        "Accept-Language": [
          "en-US"
        ],
        "User-Agent": [
          "FxVersion/4.6.29220.03",
          "OSName/Windows",
          "OSVersion/Microsoft.Windows.10.0.19042.",
          "Microsoft.Azure.Management.Network.NetworkManagementClient/1014.2154.51261.0"
        ]
      },
      "ResponseHeaders": {
        "Cache-Control": [
          "no-cache"
        ],
        "Pragma": [
          "no-cache"
        ],
        "Server": [
          "Microsoft-HTTPAPI/2.0"
        ],
        "x-ms-ratelimit-remaining-subscription-reads": [
          "11954"
        ],
        "x-ms-request-id": [
          "351f7c42-1385-4b4b-a8d2-5169c0d49691"
        ],
        "x-ms-correlation-request-id": [
          "351f7c42-1385-4b4b-a8d2-5169c0d49691"
        ],
        "x-ms-routing-request-id": [
          "BRAZILUS:20201016T193857Z:351f7c42-1385-4b4b-a8d2-5169c0d49691"
        ],
        "Strict-Transport-Security": [
          "max-age=31536000; includeSubDomains"
        ],
        "X-Content-Type-Options": [
          "nosniff"
        ],
        "Date": [
          "Fri, 16 Oct 2020 19:38:56 GMT"
        ],
        "Content-Length": [
          "1435"
        ],
        "Content-Type": [
          "application/json; charset=utf-8"
        ],
        "Expires": [
          "-1"
        ]
      },
      "ResponseBody": "{\r\n  \"properties\": {\r\n    \"priority\": 154,\r\n    \"ruleCollections\": [\r\n      {\r\n        \"ruleCollectionType\": \"FirewallPolicyFilterRuleCollection\",\r\n        \"action\": {\r\n          \"type\": \"Allow\"\r\n        },\r\n        \"rules\": [\r\n          {\r\n            \"ruleType\": \"ApplicationRule\",\r\n            \"name\": \"appRule\",\r\n            \"protocols\": [\r\n              {\r\n                \"protocolType\": \"Http\",\r\n                \"port\": 80\r\n              },\r\n              {\r\n                \"protocolType\": \"Https\",\r\n                \"port\": 443\r\n              }\r\n            ],\r\n            \"fqdnTags\": [],\r\n            \"webCategories\": [],\r\n            \"targetFqdns\": [\r\n              \"*google.com\",\r\n              \"*microsoft.com\"\r\n            ],\r\n            \"targetUrls\": [],\r\n            \"terminateTLS\": true,\r\n            \"sourceAddresses\": [\r\n              \"192.168.0.0/16\"\r\n            ],\r\n            \"destinationAddresses\": [],\r\n            \"sourceIpGroups\": []\r\n          }\r\n        ],\r\n        \"name\": \"appRc\",\r\n        \"priority\": 400\r\n      }\r\n    ],\r\n    \"provisioningState\": \"Succeeded\"\r\n  },\r\n  \"id\": \"/subscriptions/aeb5b02a-0f18-45a4-86d6-81808115cacf/resourceGroups/ps2792/providers/Microsoft.Network/firewallPolicies/ps6784/ruleCollectionGroups/ps8079\",\r\n  \"name\": \"ps8079\",\r\n  \"type\": \"Microsoft.Network/FirewallPolicies/RuleCollectionGroups\",\r\n  \"etag\": \"568f4589-8ecf-4974-83d5-a28d9b6e8f73\",\r\n  \"location\": \"westus2\"\r\n}",
      "StatusCode": 200
    },
    {
      "RequestUri": "/subscriptions/aeb5b02a-0f18-45a4-86d6-81808115cacf/providers/Microsoft.Network/locations/westus2/nfvOperations/809bfd85-582a-4c99-95ce-3120d1077f18?api-version=2020-07-01",
      "EncodedRequestUri": "L3N1YnNjcmlwdGlvbnMvYWViNWIwMmEtMGYxOC00NWE0LTg2ZDYtODE4MDgxMTVjYWNmL3Byb3ZpZGVycy9NaWNyb3NvZnQuTmV0d29yay9sb2NhdGlvbnMvd2VzdHVzMi9uZnZPcGVyYXRpb25zLzgwOWJmZDg1LTU4MmEtNGM5OS05NWNlLTMxMjBkMTA3N2YxOD9hcGktdmVyc2lvbj0yMDIwLTA3LTAx",
      "RequestMethod": "GET",
      "RequestBody": "",
      "RequestHeaders": {
        "User-Agent": [
          "FxVersion/4.6.29220.03",
          "OSName/Windows",
          "OSVersion/Microsoft.Windows.10.0.19042.",
          "Microsoft.Azure.Management.Network.NetworkManagementClient/1014.2154.51261.0"
        ]
      },
      "ResponseHeaders": {
        "Cache-Control": [
          "no-cache"
        ],
        "Pragma": [
          "no-cache"
        ],
        "x-ms-request-id": [
          "bb1fee72-ed50-4abc-96b6-9a1c355a30c5"
        ],
        "x-ms-correlation-request-id": [
          "54caa0cf-0db8-490f-a0b5-0358f32cb7e3"
        ],
        "Server": [
          "Microsoft-HTTPAPI/2.0"
        ],
        "x-ms-ratelimit-remaining-subscription-reads": [
          "11962"
        ],
        "x-ms-routing-request-id": [
          "BRAZILUS:20201016T193844Z:54caa0cf-0db8-490f-a0b5-0358f32cb7e3"
        ],
        "Strict-Transport-Security": [
          "max-age=31536000; includeSubDomains"
        ],
        "X-Content-Type-Options": [
          "nosniff"
        ],
        "Date": [
          "Fri, 16 Oct 2020 19:38:44 GMT"
        ],
        "Content-Length": [
          "29"
        ],
        "Content-Type": [
          "application/json; charset=utf-8"
        ],
        "Expires": [
          "-1"
        ]
      },
      "ResponseBody": "{\r\n  \"status\": \"Succeeded\"\r\n}",
      "StatusCode": 200
    },
    {
      "RequestUri": "/subscriptions/aeb5b02a-0f18-45a4-86d6-81808115cacf/providers/Microsoft.Network/locations/westus2/nfvOperations/7675adb0-7de7-4359-a8ab-3503af36ce78?api-version=2020-07-01",
      "EncodedRequestUri": "L3N1YnNjcmlwdGlvbnMvYWViNWIwMmEtMGYxOC00NWE0LTg2ZDYtODE4MDgxMTVjYWNmL3Byb3ZpZGVycy9NaWNyb3NvZnQuTmV0d29yay9sb2NhdGlvbnMvd2VzdHVzMi9uZnZPcGVyYXRpb25zLzc2NzVhZGIwLTdkZTctNDM1OS1hOGFiLTM1MDNhZjM2Y2U3OD9hcGktdmVyc2lvbj0yMDIwLTA3LTAx",
      "RequestMethod": "GET",
      "RequestBody": "",
      "RequestHeaders": {
        "User-Agent": [
          "FxVersion/4.6.29220.03",
          "OSName/Windows",
          "OSVersion/Microsoft.Windows.10.0.19042.",
          "Microsoft.Azure.Management.Network.NetworkManagementClient/1014.2154.51261.0"
        ]
      },
      "ResponseHeaders": {
        "Cache-Control": [
          "no-cache"
        ],
        "Pragma": [
          "no-cache"
        ],
        "x-ms-request-id": [
          "27e973e9-743f-41b0-8163-d7817842eeb2"
        ],
        "x-ms-correlation-request-id": [
          "9ece9950-1fca-43f6-a2d8-3019902469fd"
        ],
        "Server": [
          "Microsoft-HTTPAPI/2.0"
        ],
        "x-ms-ratelimit-remaining-subscription-reads": [
          "11956"
        ],
        "x-ms-routing-request-id": [
          "BRAZILUS:20201016T193857Z:9ece9950-1fca-43f6-a2d8-3019902469fd"
        ],
        "Strict-Transport-Security": [
          "max-age=31536000; includeSubDomains"
        ],
        "X-Content-Type-Options": [
          "nosniff"
        ],
        "Date": [
          "Fri, 16 Oct 2020 19:38:56 GMT"
        ],
        "Content-Length": [
          "29"
        ],
        "Content-Type": [
          "application/json; charset=utf-8"
        ],
        "Expires": [
          "-1"
        ]
      },
      "ResponseBody": "{\r\n  \"status\": \"Succeeded\"\r\n}",
      "StatusCode": 200
    },
    {
      "RequestUri": "/subscriptions/aeb5b02a-0f18-45a4-86d6-81808115cacf/resourceGroups/ps2792/providers/Microsoft.Network/firewallPolicies/ps9808?api-version=2020-07-01",
      "EncodedRequestUri": "L3N1YnNjcmlwdGlvbnMvYWViNWIwMmEtMGYxOC00NWE0LTg2ZDYtODE4MDgxMTVjYWNmL3Jlc291cmNlR3JvdXBzL3BzMjc5Mi9wcm92aWRlcnMvTWljcm9zb2Z0Lk5ldHdvcmsvZmlyZXdhbGxQb2xpY2llcy9wczk4MDg/YXBpLXZlcnNpb249MjAyMC0wNy0wMQ==",
      "RequestMethod": "GET",
      "RequestBody": "",
      "RequestHeaders": {
        "x-ms-client-request-id": [
          "efc07787-cc9b-46c1-936d-9480d62c2a04"
        ],
        "Accept-Language": [
          "en-US"
        ],
        "User-Agent": [
          "FxVersion/4.6.29220.03",
          "OSName/Windows",
          "OSVersion/Microsoft.Windows.10.0.19042.",
          "Microsoft.Azure.Management.Network.NetworkManagementClient/1014.2154.51261.0"
        ]
      },
      "ResponseHeaders": {
        "Cache-Control": [
          "no-cache"
        ],
        "Pragma": [
          "no-cache"
        ],
        "x-ms-failure-cause": [
          "gateway"
        ],
        "x-ms-request-id": [
          "688bf25e-c0e7-4465-878b-c3d0ae472edc"
        ],
        "x-ms-correlation-request-id": [
          "688bf25e-c0e7-4465-878b-c3d0ae472edc"
        ],
        "x-ms-routing-request-id": [
          "BRAZILUS:20201016T193857Z:688bf25e-c0e7-4465-878b-c3d0ae472edc"
        ],
        "Strict-Transport-Security": [
          "max-age=31536000; includeSubDomains"
        ],
        "X-Content-Type-Options": [
          "nosniff"
        ],
        "Date": [
          "Fri, 16 Oct 2020 19:38:56 GMT"
        ],
        "Content-Type": [
          "application/json; charset=utf-8"
        ],
        "Expires": [
          "-1"
        ],
        "Content-Length": [
          "219"
        ]
      },
      "ResponseBody": "{\r\n  \"error\": {\r\n    \"code\": \"ResourceNotFound\",\r\n    \"message\": \"The Resource 'Microsoft.Network/firewallPolicies/ps9808' under resource group 'ps2792' was not found. For more details please go to https://aka.ms/ARMResourceNotFoundFix\"\r\n  }\r\n}",
      "StatusCode": 404
    },
    {
      "RequestUri": "/subscriptions/aeb5b02a-0f18-45a4-86d6-81808115cacf/resourceGroups/ps2792/providers/Microsoft.Network/firewallPolicies/ps9808?api-version=2020-07-01",
      "EncodedRequestUri": "L3N1YnNjcmlwdGlvbnMvYWViNWIwMmEtMGYxOC00NWE0LTg2ZDYtODE4MDgxMTVjYWNmL3Jlc291cmNlR3JvdXBzL3BzMjc5Mi9wcm92aWRlcnMvTWljcm9zb2Z0Lk5ldHdvcmsvZmlyZXdhbGxQb2xpY2llcy9wczk4MDg/YXBpLXZlcnNpb249MjAyMC0wNy0wMQ==",
      "RequestMethod": "GET",
      "RequestBody": "",
      "RequestHeaders": {
        "User-Agent": [
          "FxVersion/4.6.29220.03",
          "OSName/Windows",
          "OSVersion/Microsoft.Windows.10.0.19042.",
          "Microsoft.Azure.Management.Network.NetworkManagementClient/1014.2154.51261.0"
        ]
      },
      "ResponseHeaders": {
        "Cache-Control": [
          "no-cache"
        ],
        "Pragma": [
          "no-cache"
        ],
        "Server": [
          "Microsoft-HTTPAPI/2.0"
        ],
        "x-ms-ratelimit-remaining-subscription-reads": [
          "11951"
        ],
        "x-ms-request-id": [
          "be7e4ba8-4ba9-4928-ba1c-835aa16ab226"
        ],
        "x-ms-correlation-request-id": [
          "be7e4ba8-4ba9-4928-ba1c-835aa16ab226"
        ],
        "x-ms-routing-request-id": [
          "BRAZILUS:20201016T193909Z:be7e4ba8-4ba9-4928-ba1c-835aa16ab226"
        ],
        "Strict-Transport-Security": [
          "max-age=31536000; includeSubDomains"
        ],
        "X-Content-Type-Options": [
          "nosniff"
        ],
        "Date": [
          "Fri, 16 Oct 2020 19:39:08 GMT"
        ],
        "Content-Length": [
          "513"
        ],
        "Content-Type": [
          "application/json; charset=utf-8"
        ],
        "Expires": [
          "-1"
        ]
      },
      "ResponseBody": "{\r\n  \"properties\": {\r\n    \"sku\": {\r\n      \"tier\": \"Standard\"\r\n    },\r\n    \"threatIntelMode\": \"Alert\",\r\n    \"childPolicies\": [],\r\n    \"ruleCollectionGroups\": [],\r\n    \"firewalls\": [],\r\n    \"provisioningState\": \"Succeeded\"\r\n  },\r\n  \"id\": \"/subscriptions/aeb5b02a-0f18-45a4-86d6-81808115cacf/resourceGroups/ps2792/providers/Microsoft.Network/firewallPolicies/ps9808\",\r\n  \"name\": \"ps9808\",\r\n  \"type\": \"Microsoft.Network/FirewallPolicies\",\r\n  \"etag\": \"6e84c6ac-89ec-4d6e-9b10-2bdfd0953cd6\",\r\n  \"location\": \"westus2\"\r\n}",
      "StatusCode": 200
    },
    {
      "RequestUri": "/subscriptions/aeb5b02a-0f18-45a4-86d6-81808115cacf/resourceGroups/ps2792/providers/Microsoft.Network/firewallPolicies/ps9808?api-version=2020-07-01",
      "EncodedRequestUri": "L3N1YnNjcmlwdGlvbnMvYWViNWIwMmEtMGYxOC00NWE0LTg2ZDYtODE4MDgxMTVjYWNmL3Jlc291cmNlR3JvdXBzL3BzMjc5Mi9wcm92aWRlcnMvTWljcm9zb2Z0Lk5ldHdvcmsvZmlyZXdhbGxQb2xpY2llcy9wczk4MDg/YXBpLXZlcnNpb249MjAyMC0wNy0wMQ==",
      "RequestMethod": "GET",
      "RequestBody": "",
      "RequestHeaders": {
        "x-ms-client-request-id": [
          "9340e4d5-951f-41eb-84a2-6fe664b04e6f"
        ],
        "Accept-Language": [
          "en-US"
        ],
        "User-Agent": [
          "FxVersion/4.6.29220.03",
          "OSName/Windows",
          "OSVersion/Microsoft.Windows.10.0.19042.",
          "Microsoft.Azure.Management.Network.NetworkManagementClient/1014.2154.51261.0"
        ]
      },
      "ResponseHeaders": {
        "Cache-Control": [
          "no-cache"
        ],
        "Pragma": [
          "no-cache"
        ],
        "Server": [
          "Microsoft-HTTPAPI/2.0"
        ],
        "x-ms-ratelimit-remaining-subscription-reads": [
          "11950"
        ],
        "x-ms-request-id": [
          "a0a47f76-ee4b-4397-a166-269d5deca682"
        ],
        "x-ms-correlation-request-id": [
          "a0a47f76-ee4b-4397-a166-269d5deca682"
        ],
        "x-ms-routing-request-id": [
          "BRAZILUS:20201016T193909Z:a0a47f76-ee4b-4397-a166-269d5deca682"
        ],
        "Strict-Transport-Security": [
          "max-age=31536000; includeSubDomains"
        ],
        "X-Content-Type-Options": [
          "nosniff"
        ],
        "Date": [
          "Fri, 16 Oct 2020 19:39:08 GMT"
        ],
        "Content-Length": [
          "513"
        ],
        "Content-Type": [
          "application/json; charset=utf-8"
        ],
        "Expires": [
          "-1"
        ]
      },
      "ResponseBody": "{\r\n  \"properties\": {\r\n    \"sku\": {\r\n      \"tier\": \"Standard\"\r\n    },\r\n    \"threatIntelMode\": \"Alert\",\r\n    \"childPolicies\": [],\r\n    \"ruleCollectionGroups\": [],\r\n    \"firewalls\": [],\r\n    \"provisioningState\": \"Succeeded\"\r\n  },\r\n  \"id\": \"/subscriptions/aeb5b02a-0f18-45a4-86d6-81808115cacf/resourceGroups/ps2792/providers/Microsoft.Network/firewallPolicies/ps9808\",\r\n  \"name\": \"ps9808\",\r\n  \"type\": \"Microsoft.Network/FirewallPolicies\",\r\n  \"etag\": \"6e84c6ac-89ec-4d6e-9b10-2bdfd0953cd6\",\r\n  \"location\": \"westus2\"\r\n}",
      "StatusCode": 200
    },
    {
      "RequestUri": "/subscriptions/aeb5b02a-0f18-45a4-86d6-81808115cacf/resourceGroups/ps2792/providers/Microsoft.Network/firewallPolicies/ps9808?api-version=2020-07-01",
      "EncodedRequestUri": "L3N1YnNjcmlwdGlvbnMvYWViNWIwMmEtMGYxOC00NWE0LTg2ZDYtODE4MDgxMTVjYWNmL3Jlc291cmNlR3JvdXBzL3BzMjc5Mi9wcm92aWRlcnMvTWljcm9zb2Z0Lk5ldHdvcmsvZmlyZXdhbGxQb2xpY2llcy9wczk4MDg/YXBpLXZlcnNpb249MjAyMC0wNy0wMQ==",
      "RequestMethod": "PUT",
      "RequestBody": "{\r\n  \"properties\": {\r\n    \"threatIntelMode\": \"Alert\",\r\n    \"sku\": {\r\n      \"tier\": \"Standard\"\r\n    }\r\n  },\r\n  \"location\": \"westus2\"\r\n}",
      "RequestHeaders": {
        "x-ms-client-request-id": [
          "e0725f5b-14f1-41ac-90b6-1ffdc55282ba"
        ],
        "Accept-Language": [
          "en-US"
        ],
        "User-Agent": [
          "FxVersion/4.6.29220.03",
          "OSName/Windows",
          "OSVersion/Microsoft.Windows.10.0.19042.",
          "Microsoft.Azure.Management.Network.NetworkManagementClient/1014.2154.51261.0"
        ],
        "Content-Type": [
          "application/json; charset=utf-8"
        ],
        "Content-Length": [
          "134"
        ]
      },
      "ResponseHeaders": {
        "Cache-Control": [
          "no-cache"
        ],
        "Pragma": [
          "no-cache"
        ],
        "Retry-After": [
          "10"
        ],
        "x-ms-request-id": [
          "bde31e12-9f4a-48e5-9019-457e67e94d61"
        ],
        "x-ms-correlation-request-id": [
          "8c231c7c-42b3-4a95-9daf-74042d5683ab"
        ],
        "Azure-AsyncOperation": [
          "https://brazilus.management.azure.com/subscriptions/aeb5b02a-0f18-45a4-86d6-81808115cacf/providers/Microsoft.Network/locations/westus2/nfvOperations/bde31e12-9f4a-48e5-9019-457e67e94d61?api-version=2020-07-01"
        ],
        "Server": [
          "Microsoft-HTTPAPI/2.0"
        ],
        "x-ms-ratelimit-remaining-subscription-writes": [
          "1189"
        ],
        "x-ms-routing-request-id": [
          "BRAZILUS:20201016T193858Z:8c231c7c-42b3-4a95-9daf-74042d5683ab"
        ],
        "Strict-Transport-Security": [
          "max-age=31536000; includeSubDomains"
        ],
        "X-Content-Type-Options": [
          "nosniff"
        ],
        "Date": [
          "Fri, 16 Oct 2020 19:38:57 GMT"
        ],
        "Content-Length": [
          "512"
        ],
        "Content-Type": [
          "application/json; charset=utf-8"
        ],
        "Expires": [
          "-1"
        ]
      },
      "ResponseBody": "{\r\n  \"properties\": {\r\n    \"sku\": {\r\n      \"tier\": \"Standard\"\r\n    },\r\n    \"threatIntelMode\": \"Alert\",\r\n    \"childPolicies\": [],\r\n    \"ruleCollectionGroups\": [],\r\n    \"firewalls\": [],\r\n    \"provisioningState\": \"Updating\"\r\n  },\r\n  \"id\": \"/subscriptions/aeb5b02a-0f18-45a4-86d6-81808115cacf/resourceGroups/ps2792/providers/Microsoft.Network/firewallPolicies/ps9808\",\r\n  \"name\": \"ps9808\",\r\n  \"type\": \"Microsoft.Network/FirewallPolicies\",\r\n  \"etag\": \"6e84c6ac-89ec-4d6e-9b10-2bdfd0953cd6\",\r\n  \"location\": \"westus2\"\r\n}",
      "StatusCode": 201
    },
    {
      "RequestUri": "/subscriptions/aeb5b02a-0f18-45a4-86d6-81808115cacf/providers/Microsoft.Network/locations/westus2/nfvOperations/bde31e12-9f4a-48e5-9019-457e67e94d61?api-version=2020-07-01",
      "EncodedRequestUri": "L3N1YnNjcmlwdGlvbnMvYWViNWIwMmEtMGYxOC00NWE0LTg2ZDYtODE4MDgxMTVjYWNmL3Byb3ZpZGVycy9NaWNyb3NvZnQuTmV0d29yay9sb2NhdGlvbnMvd2VzdHVzMi9uZnZPcGVyYXRpb25zL2JkZTMxZTEyLTlmNGEtNDhlNS05MDE5LTQ1N2U2N2U5NGQ2MT9hcGktdmVyc2lvbj0yMDIwLTA3LTAx",
      "RequestMethod": "GET",
      "RequestBody": "",
      "RequestHeaders": {
        "User-Agent": [
          "FxVersion/4.6.29220.03",
          "OSName/Windows",
          "OSVersion/Microsoft.Windows.10.0.19042.",
          "Microsoft.Azure.Management.Network.NetworkManagementClient/1014.2154.51261.0"
        ]
      },
      "ResponseHeaders": {
        "Cache-Control": [
          "no-cache"
        ],
        "Pragma": [
          "no-cache"
        ],
        "x-ms-request-id": [
          "1094c719-e8e5-492d-8767-e54ba0f71af6"
        ],
        "x-ms-correlation-request-id": [
          "9f467dfd-b94f-4a0d-bfcb-359ebb435364"
        ],
        "Server": [
          "Microsoft-HTTPAPI/2.0"
        ],
        "x-ms-ratelimit-remaining-subscription-reads": [
          "11952"
        ],
        "x-ms-routing-request-id": [
          "BRAZILUS:20201016T193908Z:9f467dfd-b94f-4a0d-bfcb-359ebb435364"
        ],
        "Strict-Transport-Security": [
          "max-age=31536000; includeSubDomains"
        ],
        "X-Content-Type-Options": [
          "nosniff"
        ],
        "Date": [
          "Fri, 16 Oct 2020 19:39:08 GMT"
        ],
        "Content-Length": [
          "29"
        ],
        "Content-Type": [
          "application/json; charset=utf-8"
        ],
        "Expires": [
          "-1"
        ]
      },
      "ResponseBody": "{\r\n  \"status\": \"Succeeded\"\r\n}",
      "StatusCode": 200
    },
    {
      "RequestUri": "/subscriptions/aeb5b02a-0f18-45a4-86d6-81808115cacf/resourcegroups/ps2792?api-version=2016-09-01",
      "EncodedRequestUri": "L3N1YnNjcmlwdGlvbnMvYWViNWIwMmEtMGYxOC00NWE0LTg2ZDYtODE4MDgxMTVjYWNmL3Jlc291cmNlZ3JvdXBzL3BzMjc5Mj9hcGktdmVyc2lvbj0yMDE2LTA5LTAx",
      "RequestMethod": "DELETE",
      "RequestBody": "",
      "RequestHeaders": {
        "x-ms-client-request-id": [
          "879dc391-ba71-4b6a-8cc0-8c890753b2a1"
        ],
        "Accept-Language": [
          "en-US"
        ],
        "User-Agent": [
          "FxVersion/4.6.29220.03",
          "OSName/Windows",
          "OSVersion/Microsoft.Windows.10.0.19042.",
          "Microsoft.Azure.Management.Internal.Resources.ResourceManagementClient/1.3.24"
        ]
      },
      "ResponseHeaders": {
        "Cache-Control": [
          "no-cache"
        ],
        "Pragma": [
          "no-cache"
        ],
        "Location": [
          "https://brazilus.management.azure.com/subscriptions/aeb5b02a-0f18-45a4-86d6-81808115cacf/operationresults/eyJqb2JJZCI6IlJFU09VUkNFR1JPVVBERUxFVElPTkpPQi1QUzI3OTItV0VTVFVTMiIsImpvYkxvY2F0aW9uIjoid2VzdHVzMiJ9?api-version=2016-09-01"
        ],
        "Retry-After": [
          "15"
        ],
        "x-ms-ratelimit-remaining-subscription-deletes": [
          "14999"
        ],
        "x-ms-request-id": [
          "31906d39-1abe-4cc1-8885-f839378489cf"
        ],
        "x-ms-correlation-request-id": [
          "31906d39-1abe-4cc1-8885-f839378489cf"
        ],
        "x-ms-routing-request-id": [
          "BRAZILUS:20201016T193911Z:31906d39-1abe-4cc1-8885-f839378489cf"
        ],
        "Strict-Transport-Security": [
          "max-age=31536000; includeSubDomains"
        ],
        "X-Content-Type-Options": [
          "nosniff"
        ],
        "Date": [
          "Fri, 16 Oct 2020 19:39:11 GMT"
        ],
        "Expires": [
          "-1"
        ],
        "Content-Length": [
          "0"
        ]
      },
      "ResponseBody": "",
      "StatusCode": 202
    },
    {
      "RequestUri": "/subscriptions/aeb5b02a-0f18-45a4-86d6-81808115cacf/operationresults/eyJqb2JJZCI6IlJFU09VUkNFR1JPVVBERUxFVElPTkpPQi1QUzI3OTItV0VTVFVTMiIsImpvYkxvY2F0aW9uIjoid2VzdHVzMiJ9?api-version=2016-09-01",
      "EncodedRequestUri": "L3N1YnNjcmlwdGlvbnMvYWViNWIwMmEtMGYxOC00NWE0LTg2ZDYtODE4MDgxMTVjYWNmL29wZXJhdGlvbnJlc3VsdHMvZXlKcWIySkpaQ0k2SWxKRlUwOVZVa05GUjFKUFZWQkVSVXhGVkVsUFRrcFBRaTFRVXpJM09USXRWMFZUVkZWVE1pSXNJbXB2WWt4dlkyRjBhVzl1SWpvaWQyVnpkSFZ6TWlKOT9hcGktdmVyc2lvbj0yMDE2LTA5LTAx",
      "RequestMethod": "GET",
      "RequestBody": "",
      "RequestHeaders": {
        "User-Agent": [
          "FxVersion/4.6.29220.03",
          "OSName/Windows",
          "OSVersion/Microsoft.Windows.10.0.19042.",
          "Microsoft.Azure.Management.Internal.Resources.ResourceManagementClient/1.3.24"
        ]
      },
      "ResponseHeaders": {
        "Cache-Control": [
          "no-cache"
        ],
        "Pragma": [
          "no-cache"
        ],
        "Location": [
          "https://brazilus.management.azure.com/subscriptions/aeb5b02a-0f18-45a4-86d6-81808115cacf/operationresults/eyJqb2JJZCI6IlJFU09VUkNFR1JPVVBERUxFVElPTkpPQi1QUzI3OTItV0VTVFVTMiIsImpvYkxvY2F0aW9uIjoid2VzdHVzMiJ9?api-version=2016-09-01"
        ],
        "Retry-After": [
          "15"
        ],
        "x-ms-ratelimit-remaining-subscription-reads": [
          "11999"
        ],
        "x-ms-request-id": [
          "97117883-3fd5-41c5-823c-c5f58fcfdb95"
        ],
        "x-ms-correlation-request-id": [
          "97117883-3fd5-41c5-823c-c5f58fcfdb95"
        ],
        "x-ms-routing-request-id": [
          "BRAZILUS:20201016T193927Z:97117883-3fd5-41c5-823c-c5f58fcfdb95"
        ],
        "Strict-Transport-Security": [
          "max-age=31536000; includeSubDomains"
        ],
        "X-Content-Type-Options": [
          "nosniff"
        ],
        "Date": [
          "Fri, 16 Oct 2020 19:39:27 GMT"
        ],
        "Expires": [
          "-1"
        ],
        "Content-Length": [
          "0"
        ]
      },
      "ResponseBody": "",
      "StatusCode": 202
    },
    {
      "RequestUri": "/subscriptions/aeb5b02a-0f18-45a4-86d6-81808115cacf/operationresults/eyJqb2JJZCI6IlJFU09VUkNFR1JPVVBERUxFVElPTkpPQi1QUzI3OTItV0VTVFVTMiIsImpvYkxvY2F0aW9uIjoid2VzdHVzMiJ9?api-version=2016-09-01",
      "EncodedRequestUri": "L3N1YnNjcmlwdGlvbnMvYWViNWIwMmEtMGYxOC00NWE0LTg2ZDYtODE4MDgxMTVjYWNmL29wZXJhdGlvbnJlc3VsdHMvZXlKcWIySkpaQ0k2SWxKRlUwOVZVa05GUjFKUFZWQkVSVXhGVkVsUFRrcFBRaTFRVXpJM09USXRWMFZUVkZWVE1pSXNJbXB2WWt4dlkyRjBhVzl1SWpvaWQyVnpkSFZ6TWlKOT9hcGktdmVyc2lvbj0yMDE2LTA5LTAx",
      "RequestMethod": "GET",
      "RequestBody": "",
      "RequestHeaders": {
        "User-Agent": [
          "FxVersion/4.6.29220.03",
          "OSName/Windows",
          "OSVersion/Microsoft.Windows.10.0.19042.",
          "Microsoft.Azure.Management.Internal.Resources.ResourceManagementClient/1.3.24"
        ]
      },
      "ResponseHeaders": {
        "Cache-Control": [
          "no-cache"
        ],
        "Pragma": [
          "no-cache"
        ],
        "Location": [
          "https://brazilus.management.azure.com/subscriptions/aeb5b02a-0f18-45a4-86d6-81808115cacf/operationresults/eyJqb2JJZCI6IlJFU09VUkNFR1JPVVBERUxFVElPTkpPQi1QUzI3OTItV0VTVFVTMiIsImpvYkxvY2F0aW9uIjoid2VzdHVzMiJ9?api-version=2016-09-01"
        ],
        "Retry-After": [
          "15"
        ],
        "x-ms-ratelimit-remaining-subscription-reads": [
          "11998"
        ],
        "x-ms-request-id": [
          "2d481e7a-a26f-47eb-bf00-780ba0fb5a97"
        ],
        "x-ms-correlation-request-id": [
          "2d481e7a-a26f-47eb-bf00-780ba0fb5a97"
        ],
        "x-ms-routing-request-id": [
          "BRAZILUS:20201016T193942Z:2d481e7a-a26f-47eb-bf00-780ba0fb5a97"
        ],
        "Strict-Transport-Security": [
          "max-age=31536000; includeSubDomains"
        ],
        "X-Content-Type-Options": [
          "nosniff"
        ],
        "Date": [
          "Fri, 16 Oct 2020 19:39:42 GMT"
        ],
        "Expires": [
          "-1"
        ],
        "Content-Length": [
          "0"
        ]
      },
      "ResponseBody": "",
      "StatusCode": 202
    },
    {
      "RequestUri": "/subscriptions/aeb5b02a-0f18-45a4-86d6-81808115cacf/operationresults/eyJqb2JJZCI6IlJFU09VUkNFR1JPVVBERUxFVElPTkpPQi1QUzI3OTItV0VTVFVTMiIsImpvYkxvY2F0aW9uIjoid2VzdHVzMiJ9?api-version=2016-09-01",
      "EncodedRequestUri": "L3N1YnNjcmlwdGlvbnMvYWViNWIwMmEtMGYxOC00NWE0LTg2ZDYtODE4MDgxMTVjYWNmL29wZXJhdGlvbnJlc3VsdHMvZXlKcWIySkpaQ0k2SWxKRlUwOVZVa05GUjFKUFZWQkVSVXhGVkVsUFRrcFBRaTFRVXpJM09USXRWMFZUVkZWVE1pSXNJbXB2WWt4dlkyRjBhVzl1SWpvaWQyVnpkSFZ6TWlKOT9hcGktdmVyc2lvbj0yMDE2LTA5LTAx",
      "RequestMethod": "GET",
      "RequestBody": "",
      "RequestHeaders": {
        "User-Agent": [
          "FxVersion/4.6.29220.03",
          "OSName/Windows",
          "OSVersion/Microsoft.Windows.10.0.19042.",
          "Microsoft.Azure.Management.Internal.Resources.ResourceManagementClient/1.3.24"
        ]
      },
      "ResponseHeaders": {
        "Cache-Control": [
          "no-cache"
        ],
        "Pragma": [
          "no-cache"
        ],
        "Location": [
          "https://brazilus.management.azure.com/subscriptions/aeb5b02a-0f18-45a4-86d6-81808115cacf/operationresults/eyJqb2JJZCI6IlJFU09VUkNFR1JPVVBERUxFVElPTkpPQi1QUzI3OTItV0VTVFVTMiIsImpvYkxvY2F0aW9uIjoid2VzdHVzMiJ9?api-version=2016-09-01"
        ],
        "Retry-After": [
          "15"
        ],
        "x-ms-ratelimit-remaining-subscription-reads": [
          "11997"
        ],
        "x-ms-request-id": [
          "4b7ba0db-c387-466c-a845-edd06501141f"
        ],
        "x-ms-correlation-request-id": [
          "4b7ba0db-c387-466c-a845-edd06501141f"
        ],
        "x-ms-routing-request-id": [
          "BRAZILUS:20201016T193957Z:4b7ba0db-c387-466c-a845-edd06501141f"
        ],
        "Strict-Transport-Security": [
          "max-age=31536000; includeSubDomains"
        ],
        "X-Content-Type-Options": [
          "nosniff"
        ],
        "Date": [
          "Fri, 16 Oct 2020 19:39:57 GMT"
        ],
        "Expires": [
          "-1"
        ],
        "Content-Length": [
          "0"
        ]
      },
      "ResponseBody": "",
      "StatusCode": 202
    },
    {
      "RequestUri": "/subscriptions/aeb5b02a-0f18-45a4-86d6-81808115cacf/operationresults/eyJqb2JJZCI6IlJFU09VUkNFR1JPVVBERUxFVElPTkpPQi1QUzI3OTItV0VTVFVTMiIsImpvYkxvY2F0aW9uIjoid2VzdHVzMiJ9?api-version=2016-09-01",
      "EncodedRequestUri": "L3N1YnNjcmlwdGlvbnMvYWViNWIwMmEtMGYxOC00NWE0LTg2ZDYtODE4MDgxMTVjYWNmL29wZXJhdGlvbnJlc3VsdHMvZXlKcWIySkpaQ0k2SWxKRlUwOVZVa05GUjFKUFZWQkVSVXhGVkVsUFRrcFBRaTFRVXpJM09USXRWMFZUVkZWVE1pSXNJbXB2WWt4dlkyRjBhVzl1SWpvaWQyVnpkSFZ6TWlKOT9hcGktdmVyc2lvbj0yMDE2LTA5LTAx",
      "RequestMethod": "GET",
      "RequestBody": "",
      "RequestHeaders": {
        "User-Agent": [
          "FxVersion/4.6.29220.03",
          "OSName/Windows",
          "OSVersion/Microsoft.Windows.10.0.19042.",
          "Microsoft.Azure.Management.Internal.Resources.ResourceManagementClient/1.3.24"
        ]
      },
      "ResponseHeaders": {
        "Cache-Control": [
          "no-cache"
        ],
        "Pragma": [
          "no-cache"
        ],
        "Location": [
          "https://brazilus.management.azure.com/subscriptions/aeb5b02a-0f18-45a4-86d6-81808115cacf/operationresults/eyJqb2JJZCI6IlJFU09VUkNFR1JPVVBERUxFVElPTkpPQi1QUzI3OTItV0VTVFVTMiIsImpvYkxvY2F0aW9uIjoid2VzdHVzMiJ9?api-version=2016-09-01"
        ],
        "Retry-After": [
          "15"
        ],
        "x-ms-ratelimit-remaining-subscription-reads": [
          "11996"
        ],
        "x-ms-request-id": [
          "aab5edff-3fcd-4725-b7d7-da218ef6e2f9"
        ],
        "x-ms-correlation-request-id": [
          "aab5edff-3fcd-4725-b7d7-da218ef6e2f9"
        ],
        "x-ms-routing-request-id": [
          "BRAZILUS:20201016T194012Z:aab5edff-3fcd-4725-b7d7-da218ef6e2f9"
        ],
        "Strict-Transport-Security": [
          "max-age=31536000; includeSubDomains"
        ],
        "X-Content-Type-Options": [
          "nosniff"
        ],
        "Date": [
          "Fri, 16 Oct 2020 19:40:11 GMT"
        ],
        "Expires": [
          "-1"
        ],
        "Content-Length": [
          "0"
        ]
      },
      "ResponseBody": "",
      "StatusCode": 202
    },
    {
      "RequestUri": "/subscriptions/aeb5b02a-0f18-45a4-86d6-81808115cacf/operationresults/eyJqb2JJZCI6IlJFU09VUkNFR1JPVVBERUxFVElPTkpPQi1QUzI3OTItV0VTVFVTMiIsImpvYkxvY2F0aW9uIjoid2VzdHVzMiJ9?api-version=2016-09-01",
      "EncodedRequestUri": "L3N1YnNjcmlwdGlvbnMvYWViNWIwMmEtMGYxOC00NWE0LTg2ZDYtODE4MDgxMTVjYWNmL29wZXJhdGlvbnJlc3VsdHMvZXlKcWIySkpaQ0k2SWxKRlUwOVZVa05GUjFKUFZWQkVSVXhGVkVsUFRrcFBRaTFRVXpJM09USXRWMFZUVkZWVE1pSXNJbXB2WWt4dlkyRjBhVzl1SWpvaWQyVnpkSFZ6TWlKOT9hcGktdmVyc2lvbj0yMDE2LTA5LTAx",
      "RequestMethod": "GET",
      "RequestBody": "",
      "RequestHeaders": {
        "User-Agent": [
          "FxVersion/4.6.29220.03",
          "OSName/Windows",
          "OSVersion/Microsoft.Windows.10.0.19042.",
          "Microsoft.Azure.Management.Internal.Resources.ResourceManagementClient/1.3.24"
        ]
      },
      "ResponseHeaders": {
        "Cache-Control": [
          "no-cache"
        ],
        "Pragma": [
          "no-cache"
        ],
        "Location": [
          "https://brazilus.management.azure.com/subscriptions/aeb5b02a-0f18-45a4-86d6-81808115cacf/operationresults/eyJqb2JJZCI6IlJFU09VUkNFR1JPVVBERUxFVElPTkpPQi1QUzI3OTItV0VTVFVTMiIsImpvYkxvY2F0aW9uIjoid2VzdHVzMiJ9?api-version=2016-09-01"
        ],
        "Retry-After": [
          "15"
        ],
        "x-ms-ratelimit-remaining-subscription-reads": [
          "11995"
        ],
        "x-ms-request-id": [
          "60a7fa25-0522-4e86-ab78-9e74e34bfbe1"
        ],
        "x-ms-correlation-request-id": [
          "60a7fa25-0522-4e86-ab78-9e74e34bfbe1"
        ],
        "x-ms-routing-request-id": [
          "BRAZILUS:20201016T194027Z:60a7fa25-0522-4e86-ab78-9e74e34bfbe1"
        ],
        "Strict-Transport-Security": [
          "max-age=31536000; includeSubDomains"
        ],
        "X-Content-Type-Options": [
          "nosniff"
        ],
        "Date": [
          "Fri, 16 Oct 2020 19:40:27 GMT"
        ],
        "Expires": [
          "-1"
        ],
        "Content-Length": [
          "0"
        ]
      },
      "ResponseBody": "",
      "StatusCode": 202
    },
    {
      "RequestUri": "/subscriptions/aeb5b02a-0f18-45a4-86d6-81808115cacf/operationresults/eyJqb2JJZCI6IlJFU09VUkNFR1JPVVBERUxFVElPTkpPQi1QUzI3OTItV0VTVFVTMiIsImpvYkxvY2F0aW9uIjoid2VzdHVzMiJ9?api-version=2016-09-01",
      "EncodedRequestUri": "L3N1YnNjcmlwdGlvbnMvYWViNWIwMmEtMGYxOC00NWE0LTg2ZDYtODE4MDgxMTVjYWNmL29wZXJhdGlvbnJlc3VsdHMvZXlKcWIySkpaQ0k2SWxKRlUwOVZVa05GUjFKUFZWQkVSVXhGVkVsUFRrcFBRaTFRVXpJM09USXRWMFZUVkZWVE1pSXNJbXB2WWt4dlkyRjBhVzl1SWpvaWQyVnpkSFZ6TWlKOT9hcGktdmVyc2lvbj0yMDE2LTA5LTAx",
      "RequestMethod": "GET",
      "RequestBody": "",
      "RequestHeaders": {
        "User-Agent": [
          "FxVersion/4.6.29220.03",
          "OSName/Windows",
          "OSVersion/Microsoft.Windows.10.0.19042.",
          "Microsoft.Azure.Management.Internal.Resources.ResourceManagementClient/1.3.24"
        ]
      },
      "ResponseHeaders": {
        "Cache-Control": [
          "no-cache"
        ],
        "Pragma": [
          "no-cache"
        ],
        "Location": [
          "https://brazilus.management.azure.com/subscriptions/aeb5b02a-0f18-45a4-86d6-81808115cacf/operationresults/eyJqb2JJZCI6IlJFU09VUkNFR1JPVVBERUxFVElPTkpPQi1QUzI3OTItV0VTVFVTMiIsImpvYkxvY2F0aW9uIjoid2VzdHVzMiJ9?api-version=2016-09-01"
        ],
        "Retry-After": [
          "15"
        ],
        "x-ms-ratelimit-remaining-subscription-reads": [
          "11994"
        ],
        "x-ms-request-id": [
          "4f72fe2a-a229-4240-a46f-37be692bff17"
        ],
        "x-ms-correlation-request-id": [
          "4f72fe2a-a229-4240-a46f-37be692bff17"
        ],
        "x-ms-routing-request-id": [
          "BRAZILUS:20201016T194042Z:4f72fe2a-a229-4240-a46f-37be692bff17"
        ],
        "Strict-Transport-Security": [
          "max-age=31536000; includeSubDomains"
        ],
        "X-Content-Type-Options": [
          "nosniff"
        ],
        "Date": [
          "Fri, 16 Oct 2020 19:40:41 GMT"
        ],
        "Expires": [
          "-1"
        ],
        "Content-Length": [
          "0"
        ]
      },
      "ResponseBody": "",
      "StatusCode": 202
    },
    {
      "RequestUri": "/subscriptions/aeb5b02a-0f18-45a4-86d6-81808115cacf/operationresults/eyJqb2JJZCI6IlJFU09VUkNFR1JPVVBERUxFVElPTkpPQi1QUzI3OTItV0VTVFVTMiIsImpvYkxvY2F0aW9uIjoid2VzdHVzMiJ9?api-version=2016-09-01",
      "EncodedRequestUri": "L3N1YnNjcmlwdGlvbnMvYWViNWIwMmEtMGYxOC00NWE0LTg2ZDYtODE4MDgxMTVjYWNmL29wZXJhdGlvbnJlc3VsdHMvZXlKcWIySkpaQ0k2SWxKRlUwOVZVa05GUjFKUFZWQkVSVXhGVkVsUFRrcFBRaTFRVXpJM09USXRWMFZUVkZWVE1pSXNJbXB2WWt4dlkyRjBhVzl1SWpvaWQyVnpkSFZ6TWlKOT9hcGktdmVyc2lvbj0yMDE2LTA5LTAx",
      "RequestMethod": "GET",
      "RequestBody": "",
      "RequestHeaders": {
        "User-Agent": [
          "FxVersion/4.6.29220.03",
          "OSName/Windows",
          "OSVersion/Microsoft.Windows.10.0.19042.",
          "Microsoft.Azure.Management.Internal.Resources.ResourceManagementClient/1.3.24"
        ]
      },
      "ResponseHeaders": {
        "Cache-Control": [
          "no-cache"
        ],
        "Pragma": [
          "no-cache"
        ],
        "x-ms-ratelimit-remaining-subscription-reads": [
          "11993"
        ],
        "x-ms-request-id": [
          "422fd010-f6c4-48b1-9800-00eb2d25f8b9"
        ],
        "x-ms-correlation-request-id": [
          "422fd010-f6c4-48b1-9800-00eb2d25f8b9"
        ],
        "x-ms-routing-request-id": [
          "BRAZILUS:20201016T194057Z:422fd010-f6c4-48b1-9800-00eb2d25f8b9"
        ],
        "Strict-Transport-Security": [
          "max-age=31536000; includeSubDomains"
        ],
        "X-Content-Type-Options": [
          "nosniff"
        ],
        "Date": [
          "Fri, 16 Oct 2020 19:40:57 GMT"
        ],
        "Expires": [
          "-1"
        ],
        "Content-Length": [
          "0"
        ]
      },
      "ResponseBody": "",
      "StatusCode": 200
    },
    {
      "RequestUri": "/subscriptions/aeb5b02a-0f18-45a4-86d6-81808115cacf/operationresults/eyJqb2JJZCI6IlJFU09VUkNFR1JPVVBERUxFVElPTkpPQi1QUzI3OTItV0VTVFVTMiIsImpvYkxvY2F0aW9uIjoid2VzdHVzMiJ9?api-version=2016-09-01",
      "EncodedRequestUri": "L3N1YnNjcmlwdGlvbnMvYWViNWIwMmEtMGYxOC00NWE0LTg2ZDYtODE4MDgxMTVjYWNmL29wZXJhdGlvbnJlc3VsdHMvZXlKcWIySkpaQ0k2SWxKRlUwOVZVa05GUjFKUFZWQkVSVXhGVkVsUFRrcFBRaTFRVXpJM09USXRWMFZUVkZWVE1pSXNJbXB2WWt4dlkyRjBhVzl1SWpvaWQyVnpkSFZ6TWlKOT9hcGktdmVyc2lvbj0yMDE2LTA5LTAx",
      "RequestMethod": "GET",
      "RequestBody": "",
      "RequestHeaders": {
        "User-Agent": [
          "FxVersion/4.6.29220.03",
          "OSName/Windows",
          "OSVersion/Microsoft.Windows.10.0.19042.",
          "Microsoft.Azure.Management.Internal.Resources.ResourceManagementClient/1.3.24"
        ]
      },
      "ResponseHeaders": {
        "Cache-Control": [
          "no-cache"
        ],
        "Pragma": [
          "no-cache"
        ],
        "x-ms-ratelimit-remaining-subscription-reads": [
          "11992"
        ],
        "x-ms-request-id": [
          "f6c03eb8-6e0b-4e4e-bf69-1cf0b2de48fb"
        ],
        "x-ms-correlation-request-id": [
          "f6c03eb8-6e0b-4e4e-bf69-1cf0b2de48fb"
        ],
        "x-ms-routing-request-id": [
          "BRAZILUS:20201016T194058Z:f6c03eb8-6e0b-4e4e-bf69-1cf0b2de48fb"
        ],
        "Strict-Transport-Security": [
          "max-age=31536000; includeSubDomains"
        ],
        "X-Content-Type-Options": [
          "nosniff"
        ],
        "Date": [
          "Fri, 16 Oct 2020 19:40:57 GMT"
        ],
        "Expires": [
          "-1"
        ],
        "Content-Length": [
          "0"
        ]
      },
      "ResponseBody": "",
      "StatusCode": 200
    }
  ],
  "Names": {
    "Test-AzureFirewallPolicyPremiumWithTerminateTLSEnabled": [
      "ps2792",
      "ps6784",
      "ps9808",
      "ps8079"
    ]
  },
  "Variables": {
    "SubscriptionId": "aeb5b02a-0f18-45a4-86d6-81808115cacf"
  }
}